{"kind": "auxiliary_training_prefix_read", "utc": "2026-09-12T23:32:25.937510+00:00", "elapsed_seconds": 0.1607658751308918, "rows": 342, "previous_sha256": ""}
{"kind": "ridge_model_locked", "utc": "2026-09-12T23:32:25.954655+00:00", "elapsed_seconds": 0.17791095795109868, "arm": "FULL", "alpha": 0.001, "path": "results/ootang_rolling_v3/20260913/c5_crossfit/fold_training/342/ridge_FULL_a0.001.json", "sha256": "a87f03ded3b47830091ee3022ac0b2feb02698bc96d5bd6fa9ea4bf1c4c8f3a5", "linear_solves": 120, "scale_calls": 99, "previous_sha256": "91919a447d05235a354461403b5a2e1a203a2b8ceca54b027f6720b715ea7f2a"}
{"kind": "ridge_model_locked", "utc": "2026-09-12T23:32:25.961145+00:00", "elapsed_seconds": 0.18439891701564193, "arm": "DATA", "alpha": 0.001, "path": "results/ootang_rolling_v3/20260913/c5_crossfit/fold_training/342/ridge_DATA_a0.001.json", "sha256": "9e3d42821fecf2c0bd75706a8128a0f2fed740155fd2c8b2ef416276aee6a6b6", "linear_solves": 120, "scale_calls": 104, "previous_sha256": "b8cfacb0bdcae8f35a3a523eea3d82228c0deb982a5558e6e73fc1c9da317a17"}
{"kind": "auxiliary_training_prefix_read", "utc": "2026-09-12T23:32:25.962794+00:00", "elapsed_seconds": 0.18604804202914238, "rows": 432, "previous_sha256": "f973ab1df5582030b9776f400e7833667859af47532efc236f83d13b5573ef5a"}
{"kind": "ridge_model_locked", "utc": "2026-09-12T23:32:25.994556+00:00", "elapsed_seconds": 0.2178135421127081, "arm": "FULL", "alpha": 0.001, "path": "results/ootang_rolling_v3/20260913/c5_crossfit/fold_training/432/ridge_FULL_a0.001.json", "sha256": "4e9aac79acc2830bc8002fd2d0b15e1d52a05aaf88dfe25a07e09166541a147d", "linear_solves": 120, "scale_calls": 105, "previous_sha256": "0d1a6572a5fe6230e7f39e719734f174f96ac894fcb7f821c9120887b7c80f56"}
{"kind": "ridge_model_locked", "utc": "2026-09-12T23:32:26.003278+00:00", "elapsed_seconds": 0.22653375007212162, "arm": "DATA", "alpha": 0.001, "path": "results/ootang_rolling_v3/20260913/c5_crossfit/fold_training/432/ridge_DATA_a0.001.json", "sha256": "163eaea1db972f0b322ffd1cbfd683cb3300c487d297ee1af271b2060ef613f0", "linear_solves": 120, "scale_calls": 86, "previous_sha256": "bda74457c6483c099ef685059d418e55217c01c08fa84d5bf9c541ee21e9b3b5"}
{"kind": "auxiliary_mean_reused", "utc": "2026-09-12T23:32:26.004717+00:00", "elapsed_seconds": 0.22797187510877848, "prefix": 612, "new_fits": 0, "previous_sha256": "27ec9e2a0573f431a00ef144cd660e43368a5cf99712a2cbbfeebbcc6231d814"}
{"kind": "scale_training_prefix_read", "utc": "2026-09-12T23:32:26.006199+00:00", "elapsed_seconds": 0.22945279208943248, "phase": "inner", "rows": 612, "previous_sha256": "3b305a249cda6e2d5bf02f8036e5beda0c292819347bc368a549beaedd19b3ea"}
{"kind": "historical_scale_queries_locked", "utc": "2026-09-12T23:32:26.101244+00:00", "elapsed_seconds": 0.32450337521731853, "phase": "inner", "queries": 212, "last_target_index": 611, "sha256": "7a0d2a2e17ffad5251323bbc4e4aed9c6d9515f1515bd679bba6a69868683d9d", "previous_sha256": "f4859bf248ffc0598856e69040cc8c277f7afebf2fb034f5f42a9eb6aa8ba897"}
{"kind": "forecast_phase_started", "utc": "2026-09-12T23:32:26.122625+00:00", "elapsed_seconds": 0.3458830830641091, "start": 612, "end": 792, "weight_training_last_index": 611, "models": ["B_RAW", "B_ANCHOR", "B_TREND14", "PERSIST", "DRIFT14", "DRIFT1", "DRIFT3", "DRIFT7", "DRIFT30", "EXPERT_INIT", "C5_RIDGE_FULL_a0.001", "C5_IN_SAMPLE_FULL_a0.001", "C5_RIDGE_DATA_a0.001", "C5_IN_SAMPLE_DATA_a0.001", "C5_RIDGE_FULL_a0.001_seed0", "C5_IN_SAMPLE_FULL_a0.001_seed0", "C5_RIDGE_DATA_a0.001_seed0", "C5_IN_SAMPLE_DATA_a0.001_seed0"], "previous_sha256": "910f1c8e0a7427497d832dff8e73b571bd4b38dd732ab5bd7961e091d78da74a"}
rolling 612:792 origin 662/792
rolling 612:792 origin 712/792
rolling 612:792 origin 762/792
{"kind": "all_rolling_forecasts_locked", "utc": "2026-09-12T23:32:27.304566+00:00", "elapsed_seconds": 1.527842666953802, "start": 612, "end": 792, "previous_sha256": "e87dded222595a05465ef350fe631468e10e984e4cdceea0415daf928d4f9597"}
{"kind": "phase_scored", "utc": "2026-09-12T23:32:27.819812+00:00", "elapsed_seconds": 2.043103207834065, "start": 612, "end": 792, "metrics_rows": 2160, "previous_sha256": "cb21a0ae90a7590fd1d279f9e61dfd44e9c162ec839432c9153b46aa0a3df694"}
{"kind": "scale_training_prefix_read", "utc": "2026-09-12T23:32:27.825980+00:00", "elapsed_seconds": 2.0492675001733005, "phase": "development", "rows": 792, "previous_sha256": "961d5b612d97d36575d2a8154ba8b3c452b6e50227dbb0b39bf32423e75709c9"}
{"kind": "historical_scale_queries_locked", "utc": "2026-09-12T23:32:28.041537+00:00", "elapsed_seconds": 2.2648326670750976, "phase": "development", "queries": 363, "last_target_index": 791, "sha256": "fda25e8df0f525308b3e50d1537e5533ddee0e87c6502790f07a6368f010bc43", "previous_sha256": "57b716eef581776e1f9ba219f399055f395c05311f7de49ba7e5cf5ebf9f6f45"}
{"kind": "forecast_phase_started", "utc": "2026-09-12T23:32:28.068487+00:00", "elapsed_seconds": 2.2917799171991646, "start": 792, "end": 1168, "weight_training_last_index": 791, "models": ["B_RAW", "B_ANCHOR", "B_TREND14", "PERSIST", "DRIFT14", "DRIFT1", "DRIFT3", "DRIFT7", "DRIFT30", "EXPERT_INIT", "C5_RIDGE_FULL", "C5_IN_SAMPLE_FULL", "C5_RIDGE_DATA", "C5_IN_SAMPLE_DATA", "C5_RIDGE_FULL_seed0", "C5_IN_SAMPLE_FULL_seed0", "C5_RIDGE_DATA_seed0", "C5_IN_SAMPLE_DATA_seed0"], "previous_sha256": "149d56a94850697bca4e12ec1330dd823304a256cce7ebebd606de51e15cddb9"}
rolling 792:1168 origin 842/1168
rolling 792:1168 origin 892/1168
rolling 792:1168 origin 942/1168
rolling 792:1168 origin 992/1168
rolling 792:1168 origin 1042/1168
rolling 792:1168 origin 1092/1168
rolling 792:1168 origin 1142/1168
{"kind": "all_rolling_forecasts_locked", "utc": "2026-09-12T23:32:30.924938+00:00", "elapsed_seconds": 5.148279124870896, "start": 792, "end": 1168, "previous_sha256": "8355d290a70cf63759d1a362d08099a7da1161e70557c6419de16334b7bd73a0"}
{"kind": "phase_scored", "utc": "2026-09-12T23:32:31.689153+00:00", "elapsed_seconds": 5.912512333132327, "start": 792, "end": 1168, "metrics_rows": 2160, "previous_sha256": "13d56b7c635b9cf3efba5b245e5572b39b80bbcea719d1e244e69acb920028b2"}
{"kind": "development_decision", "utc": "2026-09-12T23:32:31.779026+00:00", "elapsed_seconds": 6.002387249842286, "candidate": "C5_RIDGE_FULL", "primary_horizon": 30, "simple_baseline": "DRIFT1", "passed": false, "passed_count": 20, "checks": {"average_mae_improves_5pct": true, "average_rmse_improves_5pct": true, "average_crps_improves_5pct": false, "average_interval_score90_improves_5pct": false, "average_coverage90": true, "ATU1_mae_nonregression": true, "ATU1_rmse_nonregression": true, "ATU1_crps_guard": true, "ATU1_interval_score90_guard": true, "ATU1_coverage90": false, "ATU5_mae_nonregression": true, "ATU5_rmse_nonregression": true, "ATU5_crps_guard": false, "ATU5_interval_score90_guard": false, "ATU5_coverage90": false, "MJ3_mae_nonregression": true, "MJ3_rmse_nonregression": true, "MJ3_crps_guard": true, "MJ3_interval_score90_guard": true, "MJ3_coverage90": true, "MJ1_mae_nonregression": true, "MJ1_rmse_nonregression": true, "MJ1_crps_guard": true, "MJ1_interval_score90_guard": true, "MJ1_coverage90": true, "beats_simple_rmse": true, "beats_simple_crps": false}, "selected_alpha": {"FULL": 0.001, "DATA": 0.001}, "selected_updates": 0, "neural_updates": 0, "new_auxiliary_model_fits": 4, "new_primary_mean_fits": 0, "new_primary_scale_fits": 16, "eligible_for_transfer": false, "assessment_scope": "development only; C4 remains the single transfer candidate", "previous_sha256": "c1dc9a562b1ec9ab25cf90e173669da2f4002a074e8b4c2465febb60beb379bf"}
