{"kind": "auxiliary_mean_reused", "utc": "2026-09-12T23:45:45.177418+00:00", "elapsed_seconds": 0.1895315833389759, "prefix": 432, "new_fits": 0, "previous_sha256": ""}
{"kind": "auxiliary_mean_reused", "utc": "2026-09-12T23:45:45.178618+00:00", "elapsed_seconds": 0.19072487531229854, "prefix": 612, "new_fits": 0, "previous_sha256": "eda1d48d4d08de0b958d4c1e5384782e1adc3d78ef332d0662483bb3ebe9fec2"}
{"kind": "scale_training_prefix_read", "utc": "2026-09-12T23:45:45.181787+00:00", "elapsed_seconds": 0.19389320816844702, "phase": "inner", "rows": 612, "previous_sha256": "b7bddb3e190e55dda76b0026b302bb3bc1e82e30396351440bfd0db8184fd482"}
{"kind": "historical_scale_queries_locked", "utc": "2026-09-12T23:45:45.264048+00:00", "elapsed_seconds": 0.27615654235705733, "phase": "inner", "queries": 151, "last_target_index": 611, "sha256": "78fe98096f302bc2af3910304f5ac89b9d34af6711b0bcc8e9091aae730cf970", "previous_sha256": "82dcffaf219147e8a8619bef47f051233e876a1ff2d820e7b8ff7ac9cd2f908f"}
{"kind": "forecast_phase_started", "utc": "2026-09-12T23:45:45.280154+00:00", "elapsed_seconds": 0.2922642081975937, "start": 612, "end": 792, "weight_training_last_index": 611, "models": ["B_RAW", "B_ANCHOR", "B_TREND14", "PERSIST", "DRIFT14", "DRIFT1", "DRIFT3", "DRIFT7", "DRIFT30", "EXPERT_INIT", "C6_RIDGE_FULL_a0.001", "C6_IN_SAMPLE_FULL_a0.001", "C6_RIDGE_DATA_a0.001", "C6_IN_SAMPLE_DATA_a0.001", "C6_RIDGE_FULL_a0.001_seed0", "C6_IN_SAMPLE_FULL_a0.001_seed0", "C6_RIDGE_DATA_a0.001_seed0", "C6_IN_SAMPLE_DATA_a0.001_seed0"], "previous_sha256": "e94f05a5e1478ab75c189933d536e572cc5ebc4c307d0e5810dcc13126c4546d"}
rolling 612:792 origin 662/792
rolling 612:792 origin 712/792
rolling 612:792 origin 762/792
{"kind": "all_rolling_forecasts_locked", "utc": "2026-09-12T23:45:46.669251+00:00", "elapsed_seconds": 1.6813509170897305, "start": 612, "end": 792, "previous_sha256": "597fce68e92a1f3f4652bf2d6fc365a76c39e24c297b9ef116aae262fc1c7c4a"}
{"kind": "phase_scored", "utc": "2026-09-12T23:45:47.275956+00:00", "elapsed_seconds": 2.288058000151068, "start": 612, "end": 792, "metrics_rows": 2160, "previous_sha256": "d88be6953ce73f04bc8539eaae4f7fc9fd6ecf221e0c6200cecebd804c4271fc"}
{"kind": "scale_training_prefix_read", "utc": "2026-09-12T23:45:47.284202+00:00", "elapsed_seconds": 2.296300332993269, "phase": "development", "rows": 792, "previous_sha256": "69baef7fe8f7a520db920c8068eaedf7b2e192166f44515063de9db53d3055c0"}
{"kind": "historical_scale_queries_locked", "utc": "2026-09-12T23:45:47.424193+00:00", "elapsed_seconds": 2.4362947503104806, "phase": "development", "queries": 151, "last_target_index": 791, "sha256": "5f68ee41cd8ba987c5e968b12e0d97fcbb27f37bf090bbcdea6c6094d055093c", "previous_sha256": "0d9bf23c2da7fc707c58e06cf75e3abdf7ce3350befaa5a4fc1356a9a09e854f"}
{"kind": "forecast_phase_started", "utc": "2026-09-12T23:45:47.458925+00:00", "elapsed_seconds": 2.471024458296597, "start": 792, "end": 1168, "weight_training_last_index": 791, "models": ["B_RAW", "B_ANCHOR", "B_TREND14", "PERSIST", "DRIFT14", "DRIFT1", "DRIFT3", "DRIFT7", "DRIFT30", "EXPERT_INIT", "C6_RIDGE_FULL", "C6_IN_SAMPLE_FULL", "C6_RIDGE_DATA", "C6_IN_SAMPLE_DATA", "C6_RIDGE_FULL_seed0", "C6_IN_SAMPLE_FULL_seed0", "C6_RIDGE_DATA_seed0", "C6_IN_SAMPLE_DATA_seed0"], "previous_sha256": "4d400c90604d1177da60cc4e20ab4618f5c1fa7f9b00ca5ce6abe0fafc045c5c"}
rolling 792:1168 origin 842/1168
rolling 792:1168 origin 892/1168
rolling 792:1168 origin 942/1168
rolling 792:1168 origin 992/1168
rolling 792:1168 origin 1042/1168
rolling 792:1168 origin 1092/1168
rolling 792:1168 origin 1142/1168
{"kind": "all_rolling_forecasts_locked", "utc": "2026-09-12T23:45:50.508006+00:00", "elapsed_seconds": 5.520087167154998, "start": 792, "end": 1168, "previous_sha256": "3c5979b73c945d1457abff6ab3ccb276c1d217192a97368b197f0fdd50c94969"}
{"kind": "phase_scored", "utc": "2026-09-12T23:45:51.294233+00:00", "elapsed_seconds": 6.3063142923638225, "start": 792, "end": 1168, "metrics_rows": 2160, "previous_sha256": "0850b87ad5265c72d4e5aa44f571e487002efc2ba9278bd80166d2d565849e5f"}
{"kind": "development_decision", "utc": "2026-09-12T23:45:51.386604+00:00", "elapsed_seconds": 6.398685083258897, "candidate": "C6_RIDGE_FULL", "primary_horizon": 30, "simple_baseline": "DRIFT1", "passed": true, "passed_count": 27, "checks": {"average_mae_improves_5pct": true, "average_rmse_improves_5pct": true, "average_crps_improves_5pct": true, "average_interval_score90_improves_5pct": true, "average_coverage90": true, "ATU1_mae_nonregression": true, "ATU1_rmse_nonregression": true, "ATU1_crps_guard": true, "ATU1_interval_score90_guard": true, "ATU1_coverage90": true, "ATU5_mae_nonregression": true, "ATU5_rmse_nonregression": true, "ATU5_crps_guard": true, "ATU5_interval_score90_guard": true, "ATU5_coverage90": true, "MJ3_mae_nonregression": true, "MJ3_rmse_nonregression": true, "MJ3_crps_guard": true, "MJ3_interval_score90_guard": true, "MJ3_coverage90": true, "MJ1_mae_nonregression": true, "MJ1_rmse_nonregression": true, "MJ1_crps_guard": true, "MJ1_interval_score90_guard": true, "MJ1_coverage90": true, "beats_simple_rmse": true, "beats_simple_crps": true}, "selected_alpha": {"FULL": 0.001, "DATA": 0.001}, "selected_updates": 0, "neural_updates": 0, "new_auxiliary_model_fits": 0, "new_primary_mean_fits": 0, "new_primary_scale_fits": 16, "eligible_for_transfer": false, "assessment_scope": "development only; C4 remains the single transfer candidate", "previous_sha256": "324a70ded48c45d23d53c9742d5f96faeab561186a93b82a9f9ac860c640aaf4"}
