/Users/wcqqq1214/Project/Landslide-Warning/runtime/ootang_bplus_v1_1/reference/section2d_v4/physical_model_posix.py:31: RuntimeWarning: divide by zero encountered in matmul
  tab=np.load(ROOT/'results/reservoir_force_lookup_final.npz');self.levels=tab['levels'];self.pore=tab['pore']@self.T;self.ext=tab['external']@self.T
/Users/wcqqq1214/Project/Landslide-Warning/runtime/ootang_bplus_v1_1/reference/section2d_v4/physical_model_posix.py:31: RuntimeWarning: overflow encountered in matmul
  tab=np.load(ROOT/'results/reservoir_force_lookup_final.npz');self.levels=tab['levels'];self.pore=tab['pore']@self.T;self.ext=tab['external']@self.T
/Users/wcqqq1214/Project/Landslide-Warning/runtime/ootang_bplus_v1_1/reference/section2d_v4/physical_model_posix.py:31: RuntimeWarning: invalid value encountered in matmul
  tab=np.load(ROOT/'results/reservoir_force_lookup_final.npz');self.levels=tab['levels'];self.pore=tab['pore']@self.T;self.ext=tab['external']@self.T
B/342/stage1: {'nfev': 195, 'njev': 179, 'optimization_forward_calls': 10000}
B/342/stage1: J=3.718599, `ftol` termination condition is satisfied.
/Users/wcqqq1214/Project/Landslide-Warning/runtime/ootang_bplus_v1_1/reference/section2d_v4/physical_model_posix.py:31: RuntimeWarning: divide by zero encountered in matmul
  tab=np.load(ROOT/'results/reservoir_force_lookup_final.npz');self.levels=tab['levels'];self.pore=tab['pore']@self.T;self.ext=tab['external']@self.T
/Users/wcqqq1214/Project/Landslide-Warning/runtime/ootang_bplus_v1_1/reference/section2d_v4/physical_model_posix.py:31: RuntimeWarning: overflow encountered in matmul
  tab=np.load(ROOT/'results/reservoir_force_lookup_final.npz');self.levels=tab['levels'];self.pore=tab['pore']@self.T;self.ext=tab['external']@self.T
/Users/wcqqq1214/Project/Landslide-Warning/runtime/ootang_bplus_v1_1/reference/section2d_v4/physical_model_posix.py:31: RuntimeWarning: invalid value encountered in matmul
  tab=np.load(ROOT/'results/reservoir_force_lookup_final.npz');self.levels=tab['levels'];self.pore=tab['pore']@self.T;self.ext=tab['external']@self.T
B/342/stage2: {'nfev': 179, 'njev': 179, 'optimization_forward_calls': 10000}
B/342/stage2: {'nfev': 358, 'njev': 358, 'optimization_forward_calls': 20000}
B/342/stage2: {'nfev': 536, 'njev': 536, 'optimization_forward_calls': 30000}
B/342/stage2: {'nfev': 715, 'njev': 715, 'optimization_forward_calls': 40000}
B/342/stage2: J=12.895778, The maximum number of function evaluations is exceeded.
/Users/wcqqq1214/Project/Landslide-Warning/runtime/ootang_bplus_v1_1/reference/section2d_v4/physical_model_posix.py:31: RuntimeWarning: divide by zero encountered in matmul
  tab=np.load(ROOT/'results/reservoir_force_lookup_final.npz');self.levels=tab['levels'];self.pore=tab['pore']@self.T;self.ext=tab['external']@self.T
/Users/wcqqq1214/Project/Landslide-Warning/runtime/ootang_bplus_v1_1/reference/section2d_v4/physical_model_posix.py:31: RuntimeWarning: overflow encountered in matmul
  tab=np.load(ROOT/'results/reservoir_force_lookup_final.npz');self.levels=tab['levels'];self.pore=tab['pore']@self.T;self.ext=tab['external']@self.T
/Users/wcqqq1214/Project/Landslide-Warning/runtime/ootang_bplus_v1_1/reference/section2d_v4/physical_model_posix.py:31: RuntimeWarning: invalid value encountered in matmul
  tab=np.load(ROOT/'results/reservoir_force_lookup_final.npz');self.levels=tab['levels'];self.pore=tab['pore']@self.T;self.ext=tab['external']@self.T
B/342/stage3: {'nfev': 204, 'njev': 179, 'optimization_forward_calls': 10000}
B/342/stage3: {'nfev': 389, 'njev': 357, 'optimization_forward_calls': 20000}
B/342/stage3: {'nfev': 568, 'njev': 536, 'optimization_forward_calls': 30000}
B/342/stage3: {'nfev': 749, 'njev': 714, 'optimization_forward_calls': 40000}
B/342/stage3: J=14.789513, The maximum number of function evaluations is exceeded.
/Users/wcqqq1214/Project/Landslide-Warning/runtime/ootang_bplus_v1_1/reference/section2d_v4/physical_model_posix.py:31: RuntimeWarning: divide by zero encountered in matmul
  tab=np.load(ROOT/'results/reservoir_force_lookup_final.npz');self.levels=tab['levels'];self.pore=tab['pore']@self.T;self.ext=tab['external']@self.T
/Users/wcqqq1214/Project/Landslide-Warning/runtime/ootang_bplus_v1_1/reference/section2d_v4/physical_model_posix.py:31: RuntimeWarning: overflow encountered in matmul
  tab=np.load(ROOT/'results/reservoir_force_lookup_final.npz');self.levels=tab['levels'];self.pore=tab['pore']@self.T;self.ext=tab['external']@self.T
/Users/wcqqq1214/Project/Landslide-Warning/runtime/ootang_bplus_v1_1/reference/section2d_v4/physical_model_posix.py:31: RuntimeWarning: invalid value encountered in matmul
  tab=np.load(ROOT/'results/reservoir_force_lookup_final.npz');self.levels=tab['levels'];self.pore=tab['pore']@self.T;self.ext=tab['external']@self.T
B/342/stage4: {'nfev': 218, 'njev': 178, 'optimization_forward_calls': 10000}
B/342/stage4: {'nfev': 406, 'njev': 357, 'optimization_forward_calls': 20000}
B/342/stage4: {'nfev': 584, 'njev': 535, 'optimization_forward_calls': 30000}
B/342/stage4: {'nfev': 763, 'njev': 714, 'optimization_forward_calls': 40000}
B/342/stage4: J=14.786263, The maximum number of function evaluations is exceeded.
