/Users/wcqqq1214/Project/Landslide-Warning/runtime/ootang_bplus_v1_1/reference/section2d_v4/physical_model_posix.py:31: RuntimeWarning: divide by zero encountered in matmul
  tab=np.load(ROOT/'results/reservoir_force_lookup_final.npz');self.levels=tab['levels'];self.pore=tab['pore']@self.T;self.ext=tab['external']@self.T
/Users/wcqqq1214/Project/Landslide-Warning/runtime/ootang_bplus_v1_1/reference/section2d_v4/physical_model_posix.py:31: RuntimeWarning: overflow encountered in matmul
  tab=np.load(ROOT/'results/reservoir_force_lookup_final.npz');self.levels=tab['levels'];self.pore=tab['pore']@self.T;self.ext=tab['external']@self.T
/Users/wcqqq1214/Project/Landslide-Warning/runtime/ootang_bplus_v1_1/reference/section2d_v4/physical_model_posix.py:31: RuntimeWarning: invalid value encountered in matmul
  tab=np.load(ROOT/'results/reservoir_force_lookup_final.npz');self.levels=tab['levels'];self.pore=tab['pore']@self.T;self.ext=tab['external']@self.T
B/342/stage1: {'nfev': 225, 'njev': 178, 'optimization_forward_calls': 10000}
B/342/stage1: {'nfev': 453, 'njev': 356, 'optimization_forward_calls': 20000}
B/342/stage1: {'nfev': 677, 'njev': 534, 'optimization_forward_calls': 30000}
B/342/stage1: J=6.2762304, The maximum number of function evaluations is exceeded.
/Users/wcqqq1214/Project/Landslide-Warning/runtime/ootang_bplus_v1_1/reference/section2d_v4/physical_model_posix.py:31: RuntimeWarning: divide by zero encountered in matmul
  tab=np.load(ROOT/'results/reservoir_force_lookup_final.npz');self.levels=tab['levels'];self.pore=tab['pore']@self.T;self.ext=tab['external']@self.T
/Users/wcqqq1214/Project/Landslide-Warning/runtime/ootang_bplus_v1_1/reference/section2d_v4/physical_model_posix.py:31: RuntimeWarning: overflow encountered in matmul
  tab=np.load(ROOT/'results/reservoir_force_lookup_final.npz');self.levels=tab['levels'];self.pore=tab['pore']@self.T;self.ext=tab['external']@self.T
/Users/wcqqq1214/Project/Landslide-Warning/runtime/ootang_bplus_v1_1/reference/section2d_v4/physical_model_posix.py:31: RuntimeWarning: invalid value encountered in matmul
  tab=np.load(ROOT/'results/reservoir_force_lookup_final.npz');self.levels=tab['levels'];self.pore=tab['pore']@self.T;self.ext=tab['external']@self.T
B/342/stage2: {'nfev': 222, 'njev': 178, 'optimization_forward_calls': 10000}
B/342/stage2: {'nfev': 449, 'njev': 356, 'optimization_forward_calls': 20000}
B/342/stage2: {'nfev': 675, 'njev': 534, 'optimization_forward_calls': 30000}
B/342/stage2: J=15.635719, The maximum number of function evaluations is exceeded.
/Users/wcqqq1214/Project/Landslide-Warning/runtime/ootang_bplus_v1_1/reference/section2d_v4/physical_model_posix.py:31: RuntimeWarning: divide by zero encountered in matmul
  tab=np.load(ROOT/'results/reservoir_force_lookup_final.npz');self.levels=tab['levels'];self.pore=tab['pore']@self.T;self.ext=tab['external']@self.T
/Users/wcqqq1214/Project/Landslide-Warning/runtime/ootang_bplus_v1_1/reference/section2d_v4/physical_model_posix.py:31: RuntimeWarning: overflow encountered in matmul
  tab=np.load(ROOT/'results/reservoir_force_lookup_final.npz');self.levels=tab['levels'];self.pore=tab['pore']@self.T;self.ext=tab['external']@self.T
/Users/wcqqq1214/Project/Landslide-Warning/runtime/ootang_bplus_v1_1/reference/section2d_v4/physical_model_posix.py:31: RuntimeWarning: invalid value encountered in matmul
  tab=np.load(ROOT/'results/reservoir_force_lookup_final.npz');self.levels=tab['levels'];self.pore=tab['pore']@self.T;self.ext=tab['external']@self.T
B/342/stage3: {'nfev': 188, 'njev': 179, 'optimization_forward_calls': 10000}
B/342/stage3: {'nfev': 371, 'njev': 357, 'optimization_forward_calls': 20000}
B/342/stage3: {'nfev': 550, 'njev': 536, 'optimization_forward_calls': 30000}
B/342/stage3: {'nfev': 729, 'njev': 715, 'optimization_forward_calls': 40000}
B/342/stage3: J=17.598866, The maximum number of function evaluations is exceeded.
/Users/wcqqq1214/Project/Landslide-Warning/runtime/ootang_bplus_v1_1/reference/section2d_v4/physical_model_posix.py:31: RuntimeWarning: divide by zero encountered in matmul
  tab=np.load(ROOT/'results/reservoir_force_lookup_final.npz');self.levels=tab['levels'];self.pore=tab['pore']@self.T;self.ext=tab['external']@self.T
/Users/wcqqq1214/Project/Landslide-Warning/runtime/ootang_bplus_v1_1/reference/section2d_v4/physical_model_posix.py:31: RuntimeWarning: overflow encountered in matmul
  tab=np.load(ROOT/'results/reservoir_force_lookup_final.npz');self.levels=tab['levels'];self.pore=tab['pore']@self.T;self.ext=tab['external']@self.T
/Users/wcqqq1214/Project/Landslide-Warning/runtime/ootang_bplus_v1_1/reference/section2d_v4/physical_model_posix.py:31: RuntimeWarning: invalid value encountered in matmul
  tab=np.load(ROOT/'results/reservoir_force_lookup_final.npz');self.levels=tab['levels'];self.pore=tab['pore']@self.T;self.ext=tab['external']@self.T
B/342/stage4: {'nfev': 207, 'njev': 179, 'optimization_forward_calls': 10000}
B/342/stage4: {'nfev': 414, 'njev': 357, 'optimization_forward_calls': 20000}
B/342/stage4: {'nfev': 624, 'njev': 535, 'optimization_forward_calls': 30000}
B/342/stage4: J=17.575613, The maximum number of function evaluations is exceeded.
