/Users/wcqqq1214/Project/Landslide-Warning/runtime/ootang_bplus_v1_1/reference/section2d_v4/physical_model_posix.py:31: RuntimeWarning: divide by zero encountered in matmul
  tab=np.load(ROOT/'results/reservoir_force_lookup_final.npz');self.levels=tab['levels'];self.pore=tab['pore']@self.T;self.ext=tab['external']@self.T
/Users/wcqqq1214/Project/Landslide-Warning/runtime/ootang_bplus_v1_1/reference/section2d_v4/physical_model_posix.py:31: RuntimeWarning: overflow encountered in matmul
  tab=np.load(ROOT/'results/reservoir_force_lookup_final.npz');self.levels=tab['levels'];self.pore=tab['pore']@self.T;self.ext=tab['external']@self.T
/Users/wcqqq1214/Project/Landslide-Warning/runtime/ootang_bplus_v1_1/reference/section2d_v4/physical_model_posix.py:31: RuntimeWarning: invalid value encountered in matmul
  tab=np.load(ROOT/'results/reservoir_force_lookup_final.npz');self.levels=tab['levels'];self.pore=tab['pore']@self.T;self.ext=tab['external']@self.T
/Users/wcqqq1214/Project/Landslide-Warning/runtime/ootang_bplus_v1_1/reference/section2d_v4/physical_model_posix.py:63: RuntimeWarning: divide by zero encountered in matmul
  pred=u@ctx.obs.T
/Users/wcqqq1214/Project/Landslide-Warning/runtime/ootang_bplus_v1_1/reference/section2d_v4/physical_model_posix.py:63: RuntimeWarning: overflow encountered in matmul
  pred=u@ctx.obs.T
/Users/wcqqq1214/Project/Landslide-Warning/runtime/ootang_bplus_v1_1/reference/section2d_v4/physical_model_posix.py:63: RuntimeWarning: invalid value encountered in matmul
  pred=u@ctx.obs.T
432/A/stage1: calls=10000 seconds=22.3
432/A/stage1: calls=20000 seconds=54.8
432/A/stage1: calls=30000 seconds=80.0
432/A/stage1: objective=14.21666 success=False optimality=58.81
/Users/wcqqq1214/Project/Landslide-Warning/runtime/ootang_bplus_v1_1/reference/section2d_v4/physical_model_posix.py:31: RuntimeWarning: divide by zero encountered in matmul
  tab=np.load(ROOT/'results/reservoir_force_lookup_final.npz');self.levels=tab['levels'];self.pore=tab['pore']@self.T;self.ext=tab['external']@self.T
/Users/wcqqq1214/Project/Landslide-Warning/runtime/ootang_bplus_v1_1/reference/section2d_v4/physical_model_posix.py:31: RuntimeWarning: overflow encountered in matmul
  tab=np.load(ROOT/'results/reservoir_force_lookup_final.npz');self.levels=tab['levels'];self.pore=tab['pore']@self.T;self.ext=tab['external']@self.T
/Users/wcqqq1214/Project/Landslide-Warning/runtime/ootang_bplus_v1_1/reference/section2d_v4/physical_model_posix.py:31: RuntimeWarning: invalid value encountered in matmul
  tab=np.load(ROOT/'results/reservoir_force_lookup_final.npz');self.levels=tab['levels'];self.pore=tab['pore']@self.T;self.ext=tab['external']@self.T
/Users/wcqqq1214/Project/Landslide-Warning/runtime/ootang_bplus_v1_1/reference/section2d_v4/physical_model_posix.py:63: RuntimeWarning: divide by zero encountered in matmul
  pred=u@ctx.obs.T
/Users/wcqqq1214/Project/Landslide-Warning/runtime/ootang_bplus_v1_1/reference/section2d_v4/physical_model_posix.py:63: RuntimeWarning: overflow encountered in matmul
  pred=u@ctx.obs.T
/Users/wcqqq1214/Project/Landslide-Warning/runtime/ootang_bplus_v1_1/reference/section2d_v4/physical_model_posix.py:63: RuntimeWarning: invalid value encountered in matmul
  pred=u@ctx.obs.T
432/A/stage2: calls=10000 seconds=27.0
432/A/stage2: calls=20000 seconds=51.8
432/A/stage2: calls=30000 seconds=84.1
432/A/stage2: calls=40000 seconds=116.9
432/A/stage2: objective=14.64495 success=False optimality=0.7136
/Users/wcqqq1214/Project/Landslide-Warning/runtime/ootang_bplus_v1_1/reference/section2d_v4/physical_model_posix.py:31: RuntimeWarning: divide by zero encountered in matmul
  tab=np.load(ROOT/'results/reservoir_force_lookup_final.npz');self.levels=tab['levels'];self.pore=tab['pore']@self.T;self.ext=tab['external']@self.T
/Users/wcqqq1214/Project/Landslide-Warning/runtime/ootang_bplus_v1_1/reference/section2d_v4/physical_model_posix.py:31: RuntimeWarning: overflow encountered in matmul
  tab=np.load(ROOT/'results/reservoir_force_lookup_final.npz');self.levels=tab['levels'];self.pore=tab['pore']@self.T;self.ext=tab['external']@self.T
/Users/wcqqq1214/Project/Landslide-Warning/runtime/ootang_bplus_v1_1/reference/section2d_v4/physical_model_posix.py:31: RuntimeWarning: invalid value encountered in matmul
  tab=np.load(ROOT/'results/reservoir_force_lookup_final.npz');self.levels=tab['levels'];self.pore=tab['pore']@self.T;self.ext=tab['external']@self.T
/Users/wcqqq1214/Project/Landslide-Warning/runtime/ootang_bplus_v1_1/reference/section2d_v4/physical_model_posix.py:63: RuntimeWarning: divide by zero encountered in matmul
  pred=u@ctx.obs.T
/Users/wcqqq1214/Project/Landslide-Warning/runtime/ootang_bplus_v1_1/reference/section2d_v4/physical_model_posix.py:63: RuntimeWarning: overflow encountered in matmul
  pred=u@ctx.obs.T
/Users/wcqqq1214/Project/Landslide-Warning/runtime/ootang_bplus_v1_1/reference/section2d_v4/physical_model_posix.py:63: RuntimeWarning: invalid value encountered in matmul
  pred=u@ctx.obs.T
432/A/stage3: calls=10000 seconds=24.8
432/A/stage3: calls=20000 seconds=57.0
432/A/stage3: calls=30000 seconds=85.3
432/A/stage3: calls=40000 seconds=111.6
432/A/stage3: objective=14.69182 success=False optimality=1.44
/Users/wcqqq1214/Project/Landslide-Warning/runtime/ootang_bplus_v1_1/reference/section2d_v4/physical_model_posix.py:31: RuntimeWarning: divide by zero encountered in matmul
  tab=np.load(ROOT/'results/reservoir_force_lookup_final.npz');self.levels=tab['levels'];self.pore=tab['pore']@self.T;self.ext=tab['external']@self.T
/Users/wcqqq1214/Project/Landslide-Warning/runtime/ootang_bplus_v1_1/reference/section2d_v4/physical_model_posix.py:31: RuntimeWarning: overflow encountered in matmul
  tab=np.load(ROOT/'results/reservoir_force_lookup_final.npz');self.levels=tab['levels'];self.pore=tab['pore']@self.T;self.ext=tab['external']@self.T
/Users/wcqqq1214/Project/Landslide-Warning/runtime/ootang_bplus_v1_1/reference/section2d_v4/physical_model_posix.py:31: RuntimeWarning: invalid value encountered in matmul
  tab=np.load(ROOT/'results/reservoir_force_lookup_final.npz');self.levels=tab['levels'];self.pore=tab['pore']@self.T;self.ext=tab['external']@self.T
/Users/wcqqq1214/Project/Landslide-Warning/runtime/ootang_bplus_v1_1/reference/section2d_v4/physical_model_posix.py:63: RuntimeWarning: divide by zero encountered in matmul
  pred=u@ctx.obs.T
/Users/wcqqq1214/Project/Landslide-Warning/runtime/ootang_bplus_v1_1/reference/section2d_v4/physical_model_posix.py:63: RuntimeWarning: overflow encountered in matmul
  pred=u@ctx.obs.T
/Users/wcqqq1214/Project/Landslide-Warning/runtime/ootang_bplus_v1_1/reference/section2d_v4/physical_model_posix.py:63: RuntimeWarning: invalid value encountered in matmul
  pred=u@ctx.obs.T
432/A/continuation: calls=10000 seconds=26.8
432/A/continuation: calls=20000 seconds=50.3
432/A/continuation: calls=30000 seconds=73.3
432/A/continuation: calls=40000 seconds=93.1
432/A/continuation: objective=14.67721 success=False optimality=1.263
/Users/wcqqq1214/Project/Landslide-Warning/runtime/ootang_bplus_v1_1/reference/section2d_v4/physical_model_posix.py:31: RuntimeWarning: divide by zero encountered in matmul
  tab=np.load(ROOT/'results/reservoir_force_lookup_final.npz');self.levels=tab['levels'];self.pore=tab['pore']@self.T;self.ext=tab['external']@self.T
/Users/wcqqq1214/Project/Landslide-Warning/runtime/ootang_bplus_v1_1/reference/section2d_v4/physical_model_posix.py:31: RuntimeWarning: overflow encountered in matmul
  tab=np.load(ROOT/'results/reservoir_force_lookup_final.npz');self.levels=tab['levels'];self.pore=tab['pore']@self.T;self.ext=tab['external']@self.T
/Users/wcqqq1214/Project/Landslide-Warning/runtime/ootang_bplus_v1_1/reference/section2d_v4/physical_model_posix.py:31: RuntimeWarning: invalid value encountered in matmul
  tab=np.load(ROOT/'results/reservoir_force_lookup_final.npz');self.levels=tab['levels'];self.pore=tab['pore']@self.T;self.ext=tab['external']@self.T
/Users/wcqqq1214/Project/Landslide-Warning/runtime/ootang_bplus_v1_1/reference/section2d_v4/physical_model_posix.py:63: RuntimeWarning: divide by zero encountered in matmul
  pred=u@ctx.obs.T
/Users/wcqqq1214/Project/Landslide-Warning/runtime/ootang_bplus_v1_1/reference/section2d_v4/physical_model_posix.py:63: RuntimeWarning: overflow encountered in matmul
  pred=u@ctx.obs.T
/Users/wcqqq1214/Project/Landslide-Warning/runtime/ootang_bplus_v1_1/reference/section2d_v4/physical_model_posix.py:63: RuntimeWarning: invalid value encountered in matmul
  pred=u@ctx.obs.T
432/B/stage1: calls=10000 seconds=24.0
432/B/stage1: calls=20000 seconds=61.4
432/B/stage1: calls=30000 seconds=80.7
432/B/stage1: calls=40000 seconds=98.3
432/B/stage1: objective=9.284612 success=False optimality=1.027
/Users/wcqqq1214/Project/Landslide-Warning/runtime/ootang_bplus_v1_1/reference/section2d_v4/physical_model_posix.py:31: RuntimeWarning: divide by zero encountered in matmul
  tab=np.load(ROOT/'results/reservoir_force_lookup_final.npz');self.levels=tab['levels'];self.pore=tab['pore']@self.T;self.ext=tab['external']@self.T
/Users/wcqqq1214/Project/Landslide-Warning/runtime/ootang_bplus_v1_1/reference/section2d_v4/physical_model_posix.py:31: RuntimeWarning: overflow encountered in matmul
  tab=np.load(ROOT/'results/reservoir_force_lookup_final.npz');self.levels=tab['levels'];self.pore=tab['pore']@self.T;self.ext=tab['external']@self.T
/Users/wcqqq1214/Project/Landslide-Warning/runtime/ootang_bplus_v1_1/reference/section2d_v4/physical_model_posix.py:31: RuntimeWarning: invalid value encountered in matmul
  tab=np.load(ROOT/'results/reservoir_force_lookup_final.npz');self.levels=tab['levels'];self.pore=tab['pore']@self.T;self.ext=tab['external']@self.T
/Users/wcqqq1214/Project/Landslide-Warning/runtime/ootang_bplus_v1_1/reference/section2d_v4/physical_model_posix.py:63: RuntimeWarning: divide by zero encountered in matmul
  pred=u@ctx.obs.T
/Users/wcqqq1214/Project/Landslide-Warning/runtime/ootang_bplus_v1_1/reference/section2d_v4/physical_model_posix.py:63: RuntimeWarning: overflow encountered in matmul
  pred=u@ctx.obs.T
/Users/wcqqq1214/Project/Landslide-Warning/runtime/ootang_bplus_v1_1/reference/section2d_v4/physical_model_posix.py:63: RuntimeWarning: invalid value encountered in matmul
  pred=u@ctx.obs.T
432/B/stage2: calls=10000 seconds=26.5
432/B/stage2: calls=20000 seconds=60.8
432/B/stage2: calls=30000 seconds=107.1
432/B/stage2: objective=9.347019 success=False optimality=1.922
/Users/wcqqq1214/Project/Landslide-Warning/runtime/ootang_bplus_v1_1/reference/section2d_v4/physical_model_posix.py:31: RuntimeWarning: divide by zero encountered in matmul
  tab=np.load(ROOT/'results/reservoir_force_lookup_final.npz');self.levels=tab['levels'];self.pore=tab['pore']@self.T;self.ext=tab['external']@self.T
/Users/wcqqq1214/Project/Landslide-Warning/runtime/ootang_bplus_v1_1/reference/section2d_v4/physical_model_posix.py:31: RuntimeWarning: overflow encountered in matmul
  tab=np.load(ROOT/'results/reservoir_force_lookup_final.npz');self.levels=tab['levels'];self.pore=tab['pore']@self.T;self.ext=tab['external']@self.T
/Users/wcqqq1214/Project/Landslide-Warning/runtime/ootang_bplus_v1_1/reference/section2d_v4/physical_model_posix.py:31: RuntimeWarning: invalid value encountered in matmul
  tab=np.load(ROOT/'results/reservoir_force_lookup_final.npz');self.levels=tab['levels'];self.pore=tab['pore']@self.T;self.ext=tab['external']@self.T
/Users/wcqqq1214/Project/Landslide-Warning/runtime/ootang_bplus_v1_1/reference/section2d_v4/physical_model_posix.py:63: RuntimeWarning: divide by zero encountered in matmul
  pred=u@ctx.obs.T
/Users/wcqqq1214/Project/Landslide-Warning/runtime/ootang_bplus_v1_1/reference/section2d_v4/physical_model_posix.py:63: RuntimeWarning: overflow encountered in matmul
  pred=u@ctx.obs.T
/Users/wcqqq1214/Project/Landslide-Warning/runtime/ootang_bplus_v1_1/reference/section2d_v4/physical_model_posix.py:63: RuntimeWarning: invalid value encountered in matmul
  pred=u@ctx.obs.T
432/B/stage3: calls=10000 seconds=38.3
432/B/stage3: calls=20000 seconds=66.7
432/B/stage3: calls=30000 seconds=91.3
432/B/stage3: objective=9.12183 success=False optimality=1.357
/Users/wcqqq1214/Project/Landslide-Warning/runtime/ootang_bplus_v1_1/reference/section2d_v4/physical_model_posix.py:31: RuntimeWarning: divide by zero encountered in matmul
  tab=np.load(ROOT/'results/reservoir_force_lookup_final.npz');self.levels=tab['levels'];self.pore=tab['pore']@self.T;self.ext=tab['external']@self.T
/Users/wcqqq1214/Project/Landslide-Warning/runtime/ootang_bplus_v1_1/reference/section2d_v4/physical_model_posix.py:31: RuntimeWarning: overflow encountered in matmul
  tab=np.load(ROOT/'results/reservoir_force_lookup_final.npz');self.levels=tab['levels'];self.pore=tab['pore']@self.T;self.ext=tab['external']@self.T
/Users/wcqqq1214/Project/Landslide-Warning/runtime/ootang_bplus_v1_1/reference/section2d_v4/physical_model_posix.py:31: RuntimeWarning: invalid value encountered in matmul
  tab=np.load(ROOT/'results/reservoir_force_lookup_final.npz');self.levels=tab['levels'];self.pore=tab['pore']@self.T;self.ext=tab['external']@self.T
/Users/wcqqq1214/Project/Landslide-Warning/runtime/ootang_bplus_v1_1/reference/section2d_v4/physical_model_posix.py:63: RuntimeWarning: divide by zero encountered in matmul
  pred=u@ctx.obs.T
/Users/wcqqq1214/Project/Landslide-Warning/runtime/ootang_bplus_v1_1/reference/section2d_v4/physical_model_posix.py:63: RuntimeWarning: overflow encountered in matmul
  pred=u@ctx.obs.T
/Users/wcqqq1214/Project/Landslide-Warning/runtime/ootang_bplus_v1_1/reference/section2d_v4/physical_model_posix.py:63: RuntimeWarning: invalid value encountered in matmul
  pred=u@ctx.obs.T
432/B/continuation: calls=10000 seconds=26.7
432/B/continuation: calls=20000 seconds=59.4
432/B/continuation: calls=30000 seconds=89.4
432/B/continuation: objective=9.011946 success=False optimality=2.782
/Users/wcqqq1214/Project/Landslide-Warning/runtime/ootang_bplus_v1_1/reference/section2d_v4/physical_model_posix.py:31: RuntimeWarning: divide by zero encountered in matmul
  tab=np.load(ROOT/'results/reservoir_force_lookup_final.npz');self.levels=tab['levels'];self.pore=tab['pore']@self.T;self.ext=tab['external']@self.T
/Users/wcqqq1214/Project/Landslide-Warning/runtime/ootang_bplus_v1_1/reference/section2d_v4/physical_model_posix.py:31: RuntimeWarning: overflow encountered in matmul
  tab=np.load(ROOT/'results/reservoir_force_lookup_final.npz');self.levels=tab['levels'];self.pore=tab['pore']@self.T;self.ext=tab['external']@self.T
/Users/wcqqq1214/Project/Landslide-Warning/runtime/ootang_bplus_v1_1/reference/section2d_v4/physical_model_posix.py:31: RuntimeWarning: invalid value encountered in matmul
  tab=np.load(ROOT/'results/reservoir_force_lookup_final.npz');self.levels=tab['levels'];self.pore=tab['pore']@self.T;self.ext=tab['external']@self.T
/Users/wcqqq1214/Project/Landslide-Warning/runtime/ootang_bplus_v1_1/reference/section2d_v4/physical_model_posix.py:63: RuntimeWarning: divide by zero encountered in matmul
  pred=u@ctx.obs.T
/Users/wcqqq1214/Project/Landslide-Warning/runtime/ootang_bplus_v1_1/reference/section2d_v4/physical_model_posix.py:63: RuntimeWarning: overflow encountered in matmul
  pred=u@ctx.obs.T
/Users/wcqqq1214/Project/Landslide-Warning/runtime/ootang_bplus_v1_1/reference/section2d_v4/physical_model_posix.py:63: RuntimeWarning: invalid value encountered in matmul
  pred=u@ctx.obs.T
/Users/wcqqq1214/Project/Landslide-Warning/code/physics_guided_diagnostics/run.py:98: RuntimeWarning: divide by zero encountered in matmul
  mapped = (custom[:, :4] + custom[:, 20:24]) @ mechanics.ctx.obs.T + drivers.y0
/Users/wcqqq1214/Project/Landslide-Warning/code/physics_guided_diagnostics/run.py:98: RuntimeWarning: overflow encountered in matmul
  mapped = (custom[:, :4] + custom[:, 20:24]) @ mechanics.ctx.obs.T + drivers.y0
/Users/wcqqq1214/Project/Landslide-Warning/code/physics_guided_diagnostics/run.py:98: RuntimeWarning: invalid value encountered in matmul
  mapped = (custom[:, :4] + custom[:, 20:24]) @ mechanics.ctx.obs.T + drivers.y0
/Users/wcqqq1214/Project/Landslide-Warning/runtime/ootang_bplus_v1_1/reference/section2d_v4/physical_model_posix.py:31: RuntimeWarning: divide by zero encountered in matmul
  tab=np.load(ROOT/'results/reservoir_force_lookup_final.npz');self.levels=tab['levels'];self.pore=tab['pore']@self.T;self.ext=tab['external']@self.T
/Users/wcqqq1214/Project/Landslide-Warning/runtime/ootang_bplus_v1_1/reference/section2d_v4/physical_model_posix.py:31: RuntimeWarning: overflow encountered in matmul
  tab=np.load(ROOT/'results/reservoir_force_lookup_final.npz');self.levels=tab['levels'];self.pore=tab['pore']@self.T;self.ext=tab['external']@self.T
/Users/wcqqq1214/Project/Landslide-Warning/runtime/ootang_bplus_v1_1/reference/section2d_v4/physical_model_posix.py:31: RuntimeWarning: invalid value encountered in matmul
  tab=np.load(ROOT/'results/reservoir_force_lookup_final.npz');self.levels=tab['levels'];self.pore=tab['pore']@self.T;self.ext=tab['external']@self.T
/Users/wcqqq1214/Project/Landslide-Warning/runtime/ootang_bplus_v1_1/reference/section2d_v4/physical_model_posix.py:63: RuntimeWarning: divide by zero encountered in matmul
  pred=u@ctx.obs.T
/Users/wcqqq1214/Project/Landslide-Warning/runtime/ootang_bplus_v1_1/reference/section2d_v4/physical_model_posix.py:63: RuntimeWarning: overflow encountered in matmul
  pred=u@ctx.obs.T
/Users/wcqqq1214/Project/Landslide-Warning/runtime/ootang_bplus_v1_1/reference/section2d_v4/physical_model_posix.py:63: RuntimeWarning: invalid value encountered in matmul
  pred=u@ctx.obs.T
/Users/wcqqq1214/Project/Landslide-Warning/code/physics_guided_diagnostics/core.py:222: RuntimeWarning: divide by zero encountered in matmul
  background = state["background"] @ obs.T
/Users/wcqqq1214/Project/Landslide-Warning/code/physics_guided_diagnostics/core.py:222: RuntimeWarning: overflow encountered in matmul
  background = state["background"] @ obs.T
/Users/wcqqq1214/Project/Landslide-Warning/code/physics_guided_diagnostics/core.py:222: RuntimeWarning: invalid value encountered in matmul
  background = state["background"] @ obs.T
/Users/wcqqq1214/Project/Landslide-Warning/code/physics_guided_diagnostics/core.py:223: RuntimeWarning: divide by zero encountered in matmul
  other = (state["coordinates"] - state["background"]) @ obs.T
/Users/wcqqq1214/Project/Landslide-Warning/code/physics_guided_diagnostics/core.py:223: RuntimeWarning: overflow encountered in matmul
  other = (state["coordinates"] - state["background"]) @ obs.T
/Users/wcqqq1214/Project/Landslide-Warning/code/physics_guided_diagnostics/core.py:223: RuntimeWarning: invalid value encountered in matmul
  other = (state["coordinates"] - state["background"]) @ obs.T
/Users/wcqqq1214/Project/Landslide-Warning/runtime/ootang_bplus_v1_1/reference/section2d_v4/physical_model_posix.py:31: RuntimeWarning: divide by zero encountered in matmul
  tab=np.load(ROOT/'results/reservoir_force_lookup_final.npz');self.levels=tab['levels'];self.pore=tab['pore']@self.T;self.ext=tab['external']@self.T
/Users/wcqqq1214/Project/Landslide-Warning/runtime/ootang_bplus_v1_1/reference/section2d_v4/physical_model_posix.py:31: RuntimeWarning: overflow encountered in matmul
  tab=np.load(ROOT/'results/reservoir_force_lookup_final.npz');self.levels=tab['levels'];self.pore=tab['pore']@self.T;self.ext=tab['external']@self.T
/Users/wcqqq1214/Project/Landslide-Warning/runtime/ootang_bplus_v1_1/reference/section2d_v4/physical_model_posix.py:31: RuntimeWarning: invalid value encountered in matmul
  tab=np.load(ROOT/'results/reservoir_force_lookup_final.npz');self.levels=tab['levels'];self.pore=tab['pore']@self.T;self.ext=tab['external']@self.T
/Users/wcqqq1214/Project/Landslide-Warning/runtime/ootang_bplus_v1_1/reference/section2d_v4/physical_model_posix.py:63: RuntimeWarning: divide by zero encountered in matmul
  pred=u@ctx.obs.T
/Users/wcqqq1214/Project/Landslide-Warning/runtime/ootang_bplus_v1_1/reference/section2d_v4/physical_model_posix.py:63: RuntimeWarning: overflow encountered in matmul
  pred=u@ctx.obs.T
/Users/wcqqq1214/Project/Landslide-Warning/runtime/ootang_bplus_v1_1/reference/section2d_v4/physical_model_posix.py:63: RuntimeWarning: invalid value encountered in matmul
  pred=u@ctx.obs.T
/Users/wcqqq1214/Project/Landslide-Warning/code/physics_guided_diagnostics/run.py:98: RuntimeWarning: divide by zero encountered in matmul
  mapped = (custom[:, :4] + custom[:, 20:24]) @ mechanics.ctx.obs.T + drivers.y0
/Users/wcqqq1214/Project/Landslide-Warning/code/physics_guided_diagnostics/run.py:98: RuntimeWarning: overflow encountered in matmul
  mapped = (custom[:, :4] + custom[:, 20:24]) @ mechanics.ctx.obs.T + drivers.y0
/Users/wcqqq1214/Project/Landslide-Warning/code/physics_guided_diagnostics/run.py:98: RuntimeWarning: invalid value encountered in matmul
  mapped = (custom[:, :4] + custom[:, 20:24]) @ mechanics.ctx.obs.T + drivers.y0
/Users/wcqqq1214/Project/Landslide-Warning/runtime/ootang_bplus_v1_1/reference/section2d_v4/physical_model_posix.py:31: RuntimeWarning: divide by zero encountered in matmul
  tab=np.load(ROOT/'results/reservoir_force_lookup_final.npz');self.levels=tab['levels'];self.pore=tab['pore']@self.T;self.ext=tab['external']@self.T
/Users/wcqqq1214/Project/Landslide-Warning/runtime/ootang_bplus_v1_1/reference/section2d_v4/physical_model_posix.py:31: RuntimeWarning: overflow encountered in matmul
  tab=np.load(ROOT/'results/reservoir_force_lookup_final.npz');self.levels=tab['levels'];self.pore=tab['pore']@self.T;self.ext=tab['external']@self.T
/Users/wcqqq1214/Project/Landslide-Warning/runtime/ootang_bplus_v1_1/reference/section2d_v4/physical_model_posix.py:31: RuntimeWarning: invalid value encountered in matmul
  tab=np.load(ROOT/'results/reservoir_force_lookup_final.npz');self.levels=tab['levels'];self.pore=tab['pore']@self.T;self.ext=tab['external']@self.T
/Users/wcqqq1214/Project/Landslide-Warning/runtime/ootang_bplus_v1_1/reference/section2d_v4/physical_model_posix.py:63: RuntimeWarning: divide by zero encountered in matmul
  pred=u@ctx.obs.T
/Users/wcqqq1214/Project/Landslide-Warning/runtime/ootang_bplus_v1_1/reference/section2d_v4/physical_model_posix.py:63: RuntimeWarning: overflow encountered in matmul
  pred=u@ctx.obs.T
/Users/wcqqq1214/Project/Landslide-Warning/runtime/ootang_bplus_v1_1/reference/section2d_v4/physical_model_posix.py:63: RuntimeWarning: invalid value encountered in matmul
  pred=u@ctx.obs.T
/Users/wcqqq1214/Project/Landslide-Warning/code/physics_guided_diagnostics/core.py:222: RuntimeWarning: divide by zero encountered in matmul
  background = state["background"] @ obs.T
/Users/wcqqq1214/Project/Landslide-Warning/code/physics_guided_diagnostics/core.py:222: RuntimeWarning: overflow encountered in matmul
  background = state["background"] @ obs.T
/Users/wcqqq1214/Project/Landslide-Warning/code/physics_guided_diagnostics/core.py:222: RuntimeWarning: invalid value encountered in matmul
  background = state["background"] @ obs.T
/Users/wcqqq1214/Project/Landslide-Warning/code/physics_guided_diagnostics/core.py:223: RuntimeWarning: divide by zero encountered in matmul
  other = (state["coordinates"] - state["background"]) @ obs.T
/Users/wcqqq1214/Project/Landslide-Warning/code/physics_guided_diagnostics/core.py:223: RuntimeWarning: overflow encountered in matmul
  other = (state["coordinates"] - state["background"]) @ obs.T
/Users/wcqqq1214/Project/Landslide-Warning/code/physics_guided_diagnostics/core.py:223: RuntimeWarning: invalid value encountered in matmul
  other = (state["coordinates"] - state["background"]) @ obs.T
/Users/wcqqq1214/Project/Landslide-Warning/runtime/ootang_bplus_v1_1/reference/section2d_v4/physical_model_posix.py:31: RuntimeWarning: divide by zero encountered in matmul
  tab=np.load(ROOT/'results/reservoir_force_lookup_final.npz');self.levels=tab['levels'];self.pore=tab['pore']@self.T;self.ext=tab['external']@self.T
/Users/wcqqq1214/Project/Landslide-Warning/runtime/ootang_bplus_v1_1/reference/section2d_v4/physical_model_posix.py:31: RuntimeWarning: overflow encountered in matmul
  tab=np.load(ROOT/'results/reservoir_force_lookup_final.npz');self.levels=tab['levels'];self.pore=tab['pore']@self.T;self.ext=tab['external']@self.T
/Users/wcqqq1214/Project/Landslide-Warning/runtime/ootang_bplus_v1_1/reference/section2d_v4/physical_model_posix.py:31: RuntimeWarning: invalid value encountered in matmul
  tab=np.load(ROOT/'results/reservoir_force_lookup_final.npz');self.levels=tab['levels'];self.pore=tab['pore']@self.T;self.ext=tab['external']@self.T
/Users/wcqqq1214/Project/Landslide-Warning/runtime/ootang_bplus_v1_1/reference/section2d_v4/physical_model_posix.py:63: RuntimeWarning: divide by zero encountered in matmul
  pred=u@ctx.obs.T
/Users/wcqqq1214/Project/Landslide-Warning/runtime/ootang_bplus_v1_1/reference/section2d_v4/physical_model_posix.py:63: RuntimeWarning: overflow encountered in matmul
  pred=u@ctx.obs.T
/Users/wcqqq1214/Project/Landslide-Warning/runtime/ootang_bplus_v1_1/reference/section2d_v4/physical_model_posix.py:63: RuntimeWarning: invalid value encountered in matmul
  pred=u@ctx.obs.T
/Users/wcqqq1214/Project/Landslide-Warning/code/physics_guided_diagnostics/run.py:98: RuntimeWarning: divide by zero encountered in matmul
  mapped = (custom[:, :4] + custom[:, 20:24]) @ mechanics.ctx.obs.T + drivers.y0
/Users/wcqqq1214/Project/Landslide-Warning/code/physics_guided_diagnostics/run.py:98: RuntimeWarning: overflow encountered in matmul
  mapped = (custom[:, :4] + custom[:, 20:24]) @ mechanics.ctx.obs.T + drivers.y0
/Users/wcqqq1214/Project/Landslide-Warning/code/physics_guided_diagnostics/run.py:98: RuntimeWarning: invalid value encountered in matmul
  mapped = (custom[:, :4] + custom[:, 20:24]) @ mechanics.ctx.obs.T + drivers.y0
/Users/wcqqq1214/Project/Landslide-Warning/runtime/ootang_bplus_v1_1/reference/section2d_v4/physical_model_posix.py:31: RuntimeWarning: divide by zero encountered in matmul
  tab=np.load(ROOT/'results/reservoir_force_lookup_final.npz');self.levels=tab['levels'];self.pore=tab['pore']@self.T;self.ext=tab['external']@self.T
/Users/wcqqq1214/Project/Landslide-Warning/runtime/ootang_bplus_v1_1/reference/section2d_v4/physical_model_posix.py:31: RuntimeWarning: overflow encountered in matmul
  tab=np.load(ROOT/'results/reservoir_force_lookup_final.npz');self.levels=tab['levels'];self.pore=tab['pore']@self.T;self.ext=tab['external']@self.T
/Users/wcqqq1214/Project/Landslide-Warning/runtime/ootang_bplus_v1_1/reference/section2d_v4/physical_model_posix.py:31: RuntimeWarning: invalid value encountered in matmul
  tab=np.load(ROOT/'results/reservoir_force_lookup_final.npz');self.levels=tab['levels'];self.pore=tab['pore']@self.T;self.ext=tab['external']@self.T
/Users/wcqqq1214/Project/Landslide-Warning/runtime/ootang_bplus_v1_1/reference/section2d_v4/physical_model_posix.py:63: RuntimeWarning: divide by zero encountered in matmul
  pred=u@ctx.obs.T
/Users/wcqqq1214/Project/Landslide-Warning/runtime/ootang_bplus_v1_1/reference/section2d_v4/physical_model_posix.py:63: RuntimeWarning: overflow encountered in matmul
  pred=u@ctx.obs.T
/Users/wcqqq1214/Project/Landslide-Warning/runtime/ootang_bplus_v1_1/reference/section2d_v4/physical_model_posix.py:63: RuntimeWarning: invalid value encountered in matmul
  pred=u@ctx.obs.T
/Users/wcqqq1214/Project/Landslide-Warning/code/physics_guided_diagnostics/core.py:222: RuntimeWarning: divide by zero encountered in matmul
  background = state["background"] @ obs.T
/Users/wcqqq1214/Project/Landslide-Warning/code/physics_guided_diagnostics/core.py:222: RuntimeWarning: overflow encountered in matmul
  background = state["background"] @ obs.T
/Users/wcqqq1214/Project/Landslide-Warning/code/physics_guided_diagnostics/core.py:222: RuntimeWarning: invalid value encountered in matmul
  background = state["background"] @ obs.T
/Users/wcqqq1214/Project/Landslide-Warning/code/physics_guided_diagnostics/core.py:223: RuntimeWarning: divide by zero encountered in matmul
  other = (state["coordinates"] - state["background"]) @ obs.T
/Users/wcqqq1214/Project/Landslide-Warning/code/physics_guided_diagnostics/core.py:223: RuntimeWarning: overflow encountered in matmul
  other = (state["coordinates"] - state["background"]) @ obs.T
/Users/wcqqq1214/Project/Landslide-Warning/code/physics_guided_diagnostics/core.py:223: RuntimeWarning: invalid value encountered in matmul
  other = (state["coordinates"] - state["background"]) @ obs.T
/Users/wcqqq1214/Project/Landslide-Warning/runtime/ootang_bplus_v1_1/reference/section2d_v4/physical_model_posix.py:31: RuntimeWarning: divide by zero encountered in matmul
  tab=np.load(ROOT/'results/reservoir_force_lookup_final.npz');self.levels=tab['levels'];self.pore=tab['pore']@self.T;self.ext=tab['external']@self.T
/Users/wcqqq1214/Project/Landslide-Warning/runtime/ootang_bplus_v1_1/reference/section2d_v4/physical_model_posix.py:31: RuntimeWarning: overflow encountered in matmul
  tab=np.load(ROOT/'results/reservoir_force_lookup_final.npz');self.levels=tab['levels'];self.pore=tab['pore']@self.T;self.ext=tab['external']@self.T
/Users/wcqqq1214/Project/Landslide-Warning/runtime/ootang_bplus_v1_1/reference/section2d_v4/physical_model_posix.py:31: RuntimeWarning: invalid value encountered in matmul
  tab=np.load(ROOT/'results/reservoir_force_lookup_final.npz');self.levels=tab['levels'];self.pore=tab['pore']@self.T;self.ext=tab['external']@self.T
/Users/wcqqq1214/Project/Landslide-Warning/runtime/ootang_bplus_v1_1/reference/section2d_v4/physical_model_posix.py:63: RuntimeWarning: divide by zero encountered in matmul
  pred=u@ctx.obs.T
/Users/wcqqq1214/Project/Landslide-Warning/runtime/ootang_bplus_v1_1/reference/section2d_v4/physical_model_posix.py:63: RuntimeWarning: overflow encountered in matmul
  pred=u@ctx.obs.T
/Users/wcqqq1214/Project/Landslide-Warning/runtime/ootang_bplus_v1_1/reference/section2d_v4/physical_model_posix.py:63: RuntimeWarning: invalid value encountered in matmul
  pred=u@ctx.obs.T
/Users/wcqqq1214/Project/Landslide-Warning/code/physics_guided_diagnostics/run.py:98: RuntimeWarning: divide by zero encountered in matmul
  mapped = (custom[:, :4] + custom[:, 20:24]) @ mechanics.ctx.obs.T + drivers.y0
/Users/wcqqq1214/Project/Landslide-Warning/code/physics_guided_diagnostics/run.py:98: RuntimeWarning: overflow encountered in matmul
  mapped = (custom[:, :4] + custom[:, 20:24]) @ mechanics.ctx.obs.T + drivers.y0
/Users/wcqqq1214/Project/Landslide-Warning/code/physics_guided_diagnostics/run.py:98: RuntimeWarning: invalid value encountered in matmul
  mapped = (custom[:, :4] + custom[:, 20:24]) @ mechanics.ctx.obs.T + drivers.y0
/Users/wcqqq1214/Project/Landslide-Warning/runtime/ootang_bplus_v1_1/reference/section2d_v4/physical_model_posix.py:31: RuntimeWarning: divide by zero encountered in matmul
  tab=np.load(ROOT/'results/reservoir_force_lookup_final.npz');self.levels=tab['levels'];self.pore=tab['pore']@self.T;self.ext=tab['external']@self.T
/Users/wcqqq1214/Project/Landslide-Warning/runtime/ootang_bplus_v1_1/reference/section2d_v4/physical_model_posix.py:31: RuntimeWarning: overflow encountered in matmul
  tab=np.load(ROOT/'results/reservoir_force_lookup_final.npz');self.levels=tab['levels'];self.pore=tab['pore']@self.T;self.ext=tab['external']@self.T
/Users/wcqqq1214/Project/Landslide-Warning/runtime/ootang_bplus_v1_1/reference/section2d_v4/physical_model_posix.py:31: RuntimeWarning: invalid value encountered in matmul
  tab=np.load(ROOT/'results/reservoir_force_lookup_final.npz');self.levels=tab['levels'];self.pore=tab['pore']@self.T;self.ext=tab['external']@self.T
/Users/wcqqq1214/Project/Landslide-Warning/runtime/ootang_bplus_v1_1/reference/section2d_v4/physical_model_posix.py:63: RuntimeWarning: divide by zero encountered in matmul
  pred=u@ctx.obs.T
/Users/wcqqq1214/Project/Landslide-Warning/runtime/ootang_bplus_v1_1/reference/section2d_v4/physical_model_posix.py:63: RuntimeWarning: overflow encountered in matmul
  pred=u@ctx.obs.T
/Users/wcqqq1214/Project/Landslide-Warning/runtime/ootang_bplus_v1_1/reference/section2d_v4/physical_model_posix.py:63: RuntimeWarning: invalid value encountered in matmul
  pred=u@ctx.obs.T
/Users/wcqqq1214/Project/Landslide-Warning/code/physics_guided_diagnostics/core.py:222: RuntimeWarning: divide by zero encountered in matmul
  background = state["background"] @ obs.T
/Users/wcqqq1214/Project/Landslide-Warning/code/physics_guided_diagnostics/core.py:222: RuntimeWarning: overflow encountered in matmul
  background = state["background"] @ obs.T
/Users/wcqqq1214/Project/Landslide-Warning/code/physics_guided_diagnostics/core.py:222: RuntimeWarning: invalid value encountered in matmul
  background = state["background"] @ obs.T
/Users/wcqqq1214/Project/Landslide-Warning/code/physics_guided_diagnostics/core.py:223: RuntimeWarning: divide by zero encountered in matmul
  other = (state["coordinates"] - state["background"]) @ obs.T
/Users/wcqqq1214/Project/Landslide-Warning/code/physics_guided_diagnostics/core.py:223: RuntimeWarning: overflow encountered in matmul
  other = (state["coordinates"] - state["background"]) @ obs.T
/Users/wcqqq1214/Project/Landslide-Warning/code/physics_guided_diagnostics/core.py:223: RuntimeWarning: invalid value encountered in matmul
  other = (state["coordinates"] - state["background"]) @ obs.T
