/Users/wcqqq1214/Project/Landslide-Warning/runtime/ootang_bplus_v1_1/reference/section2d_v4/physical_model_posix.py:31: RuntimeWarning: divide by zero encountered in matmul
  tab=np.load(ROOT/'results/reservoir_force_lookup_final.npz');self.levels=tab['levels'];self.pore=tab['pore']@self.T;self.ext=tab['external']@self.T
/Users/wcqqq1214/Project/Landslide-Warning/runtime/ootang_bplus_v1_1/reference/section2d_v4/physical_model_posix.py:31: RuntimeWarning: overflow encountered in matmul
  tab=np.load(ROOT/'results/reservoir_force_lookup_final.npz');self.levels=tab['levels'];self.pore=tab['pore']@self.T;self.ext=tab['external']@self.T
/Users/wcqqq1214/Project/Landslide-Warning/runtime/ootang_bplus_v1_1/reference/section2d_v4/physical_model_posix.py:31: RuntimeWarning: invalid value encountered in matmul
  tab=np.load(ROOT/'results/reservoir_force_lookup_final.npz');self.levels=tab['levels'];self.pore=tab['pore']@self.T;self.ext=tab['external']@self.T
/Users/wcqqq1214/Project/Landslide-Warning/runtime/ootang_bplus_v1_1/reference/section2d_v4/physical_model_posix.py:63: RuntimeWarning: divide by zero encountered in matmul
  pred=u@ctx.obs.T
/Users/wcqqq1214/Project/Landslide-Warning/runtime/ootang_bplus_v1_1/reference/section2d_v4/physical_model_posix.py:63: RuntimeWarning: overflow encountered in matmul
  pred=u@ctx.obs.T
/Users/wcqqq1214/Project/Landslide-Warning/runtime/ootang_bplus_v1_1/reference/section2d_v4/physical_model_posix.py:63: RuntimeWarning: invalid value encountered in matmul
  pred=u@ctx.obs.T
/Users/wcqqq1214/Project/Landslide-Warning/runtime/ootang_bplus_v1_1/reference/section2d_v4/physical_model_posix.py:31: RuntimeWarning: divide by zero encountered in matmul
  tab=np.load(ROOT/'results/reservoir_force_lookup_final.npz');self.levels=tab['levels'];self.pore=tab['pore']@self.T;self.ext=tab['external']@self.T
/Users/wcqqq1214/Project/Landslide-Warning/runtime/ootang_bplus_v1_1/reference/section2d_v4/physical_model_posix.py:31: RuntimeWarning: overflow encountered in matmul
  tab=np.load(ROOT/'results/reservoir_force_lookup_final.npz');self.levels=tab['levels'];self.pore=tab['pore']@self.T;self.ext=tab['external']@self.T
/Users/wcqqq1214/Project/Landslide-Warning/runtime/ootang_bplus_v1_1/reference/section2d_v4/physical_model_posix.py:31: RuntimeWarning: invalid value encountered in matmul
  tab=np.load(ROOT/'results/reservoir_force_lookup_final.npz');self.levels=tab['levels'];self.pore=tab['pore']@self.T;self.ext=tab['external']@self.T
/Users/wcqqq1214/Project/Landslide-Warning/runtime/ootang_bplus_v1_1/reference/section2d_v4/physical_model_posix.py:63: RuntimeWarning: divide by zero encountered in matmul
  pred=u@ctx.obs.T
/Users/wcqqq1214/Project/Landslide-Warning/runtime/ootang_bplus_v1_1/reference/section2d_v4/physical_model_posix.py:63: RuntimeWarning: overflow encountered in matmul
  pred=u@ctx.obs.T
/Users/wcqqq1214/Project/Landslide-Warning/runtime/ootang_bplus_v1_1/reference/section2d_v4/physical_model_posix.py:63: RuntimeWarning: invalid value encountered in matmul
  pred=u@ctx.obs.T
/Users/wcqqq1214/Project/Landslide-Warning/runtime/ootang_bplus_v1_1/reference/section2d_v4/physical_model_posix.py:31: RuntimeWarning: divide by zero encountered in matmul
  tab=np.load(ROOT/'results/reservoir_force_lookup_final.npz');self.levels=tab['levels'];self.pore=tab['pore']@self.T;self.ext=tab['external']@self.T
/Users/wcqqq1214/Project/Landslide-Warning/runtime/ootang_bplus_v1_1/reference/section2d_v4/physical_model_posix.py:31: RuntimeWarning: overflow encountered in matmul
  tab=np.load(ROOT/'results/reservoir_force_lookup_final.npz');self.levels=tab['levels'];self.pore=tab['pore']@self.T;self.ext=tab['external']@self.T
/Users/wcqqq1214/Project/Landslide-Warning/runtime/ootang_bplus_v1_1/reference/section2d_v4/physical_model_posix.py:31: RuntimeWarning: invalid value encountered in matmul
  tab=np.load(ROOT/'results/reservoir_force_lookup_final.npz');self.levels=tab['levels'];self.pore=tab['pore']@self.T;self.ext=tab['external']@self.T
/Users/wcqqq1214/Project/Landslide-Warning/runtime/ootang_bplus_v1_1/reference/section2d_v4/physical_model_posix.py:63: RuntimeWarning: divide by zero encountered in matmul
  pred=u@ctx.obs.T
/Users/wcqqq1214/Project/Landslide-Warning/runtime/ootang_bplus_v1_1/reference/section2d_v4/physical_model_posix.py:63: RuntimeWarning: overflow encountered in matmul
  pred=u@ctx.obs.T
/Users/wcqqq1214/Project/Landslide-Warning/runtime/ootang_bplus_v1_1/reference/section2d_v4/physical_model_posix.py:63: RuntimeWarning: invalid value encountered in matmul
  pred=u@ctx.obs.T
/Users/wcqqq1214/Project/Landslide-Warning/runtime/ootang_bplus_v1_1/reference/section2d_v4/physical_model_posix.py:31: RuntimeWarning: divide by zero encountered in matmul
  tab=np.load(ROOT/'results/reservoir_force_lookup_final.npz');self.levels=tab['levels'];self.pore=tab['pore']@self.T;self.ext=tab['external']@self.T
/Users/wcqqq1214/Project/Landslide-Warning/runtime/ootang_bplus_v1_1/reference/section2d_v4/physical_model_posix.py:31: RuntimeWarning: overflow encountered in matmul
  tab=np.load(ROOT/'results/reservoir_force_lookup_final.npz');self.levels=tab['levels'];self.pore=tab['pore']@self.T;self.ext=tab['external']@self.T
/Users/wcqqq1214/Project/Landslide-Warning/runtime/ootang_bplus_v1_1/reference/section2d_v4/physical_model_posix.py:31: RuntimeWarning: invalid value encountered in matmul
  tab=np.load(ROOT/'results/reservoir_force_lookup_final.npz');self.levels=tab['levels'];self.pore=tab['pore']@self.T;self.ext=tab['external']@self.T
/Users/wcqqq1214/Project/Landslide-Warning/runtime/ootang_bplus_v1_1/reference/section2d_v4/physical_model_posix.py:63: RuntimeWarning: divide by zero encountered in matmul
  pred=u@ctx.obs.T
/Users/wcqqq1214/Project/Landslide-Warning/runtime/ootang_bplus_v1_1/reference/section2d_v4/physical_model_posix.py:63: RuntimeWarning: overflow encountered in matmul
  pred=u@ctx.obs.T
/Users/wcqqq1214/Project/Landslide-Warning/runtime/ootang_bplus_v1_1/reference/section2d_v4/physical_model_posix.py:63: RuntimeWarning: invalid value encountered in matmul
  pred=u@ctx.obs.T
/Users/wcqqq1214/Project/Landslide-Warning/runtime/ootang_bplus_v1_1/reference/section2d_v4/physical_model_posix.py:31: RuntimeWarning: divide by zero encountered in matmul
  tab=np.load(ROOT/'results/reservoir_force_lookup_final.npz');self.levels=tab['levels'];self.pore=tab['pore']@self.T;self.ext=tab['external']@self.T
/Users/wcqqq1214/Project/Landslide-Warning/runtime/ootang_bplus_v1_1/reference/section2d_v4/physical_model_posix.py:31: RuntimeWarning: overflow encountered in matmul
  tab=np.load(ROOT/'results/reservoir_force_lookup_final.npz');self.levels=tab['levels'];self.pore=tab['pore']@self.T;self.ext=tab['external']@self.T
/Users/wcqqq1214/Project/Landslide-Warning/runtime/ootang_bplus_v1_1/reference/section2d_v4/physical_model_posix.py:31: RuntimeWarning: invalid value encountered in matmul
  tab=np.load(ROOT/'results/reservoir_force_lookup_final.npz');self.levels=tab['levels'];self.pore=tab['pore']@self.T;self.ext=tab['external']@self.T
/Users/wcqqq1214/Project/Landslide-Warning/runtime/ootang_bplus_v1_1/reference/section2d_v4/physical_model_posix.py:63: RuntimeWarning: divide by zero encountered in matmul
  pred=u@ctx.obs.T
/Users/wcqqq1214/Project/Landslide-Warning/runtime/ootang_bplus_v1_1/reference/section2d_v4/physical_model_posix.py:63: RuntimeWarning: overflow encountered in matmul
  pred=u@ctx.obs.T
/Users/wcqqq1214/Project/Landslide-Warning/runtime/ootang_bplus_v1_1/reference/section2d_v4/physical_model_posix.py:63: RuntimeWarning: invalid value encountered in matmul
  pred=u@ctx.obs.T
/Users/wcqqq1214/Project/Landslide-Warning/runtime/ootang_bplus_v1_1/reference/section2d_v4/physical_model_posix.py:31: RuntimeWarning: divide by zero encountered in matmul
  tab=np.load(ROOT/'results/reservoir_force_lookup_final.npz');self.levels=tab['levels'];self.pore=tab['pore']@self.T;self.ext=tab['external']@self.T
/Users/wcqqq1214/Project/Landslide-Warning/runtime/ootang_bplus_v1_1/reference/section2d_v4/physical_model_posix.py:31: RuntimeWarning: overflow encountered in matmul
  tab=np.load(ROOT/'results/reservoir_force_lookup_final.npz');self.levels=tab['levels'];self.pore=tab['pore']@self.T;self.ext=tab['external']@self.T
/Users/wcqqq1214/Project/Landslide-Warning/runtime/ootang_bplus_v1_1/reference/section2d_v4/physical_model_posix.py:31: RuntimeWarning: invalid value encountered in matmul
  tab=np.load(ROOT/'results/reservoir_force_lookup_final.npz');self.levels=tab['levels'];self.pore=tab['pore']@self.T;self.ext=tab['external']@self.T
/Users/wcqqq1214/Project/Landslide-Warning/runtime/ootang_bplus_v1_1/reference/section2d_v4/physical_model_posix.py:63: RuntimeWarning: divide by zero encountered in matmul
  pred=u@ctx.obs.T
/Users/wcqqq1214/Project/Landslide-Warning/runtime/ootang_bplus_v1_1/reference/section2d_v4/physical_model_posix.py:63: RuntimeWarning: overflow encountered in matmul
  pred=u@ctx.obs.T
/Users/wcqqq1214/Project/Landslide-Warning/runtime/ootang_bplus_v1_1/reference/section2d_v4/physical_model_posix.py:63: RuntimeWarning: invalid value encountered in matmul
  pred=u@ctx.obs.T
/Users/wcqqq1214/Project/Landslide-Warning/runtime/ootang_bplus_v1_1/reference/section2d_v4/physical_model_posix.py:31: RuntimeWarning: divide by zero encountered in matmul
  tab=np.load(ROOT/'results/reservoir_force_lookup_final.npz');self.levels=tab['levels'];self.pore=tab['pore']@self.T;self.ext=tab['external']@self.T
/Users/wcqqq1214/Project/Landslide-Warning/runtime/ootang_bplus_v1_1/reference/section2d_v4/physical_model_posix.py:31: RuntimeWarning: overflow encountered in matmul
  tab=np.load(ROOT/'results/reservoir_force_lookup_final.npz');self.levels=tab['levels'];self.pore=tab['pore']@self.T;self.ext=tab['external']@self.T
/Users/wcqqq1214/Project/Landslide-Warning/runtime/ootang_bplus_v1_1/reference/section2d_v4/physical_model_posix.py:31: RuntimeWarning: invalid value encountered in matmul
  tab=np.load(ROOT/'results/reservoir_force_lookup_final.npz');self.levels=tab['levels'];self.pore=tab['pore']@self.T;self.ext=tab['external']@self.T
/Users/wcqqq1214/Project/Landslide-Warning/runtime/ootang_bplus_v1_1/reference/section2d_v4/physical_model_posix.py:63: RuntimeWarning: divide by zero encountered in matmul
  pred=u@ctx.obs.T
/Users/wcqqq1214/Project/Landslide-Warning/runtime/ootang_bplus_v1_1/reference/section2d_v4/physical_model_posix.py:63: RuntimeWarning: overflow encountered in matmul
  pred=u@ctx.obs.T
/Users/wcqqq1214/Project/Landslide-Warning/runtime/ootang_bplus_v1_1/reference/section2d_v4/physical_model_posix.py:63: RuntimeWarning: invalid value encountered in matmul
  pred=u@ctx.obs.T
/Users/wcqqq1214/Project/Landslide-Warning/runtime/ootang_bplus_v1_1/reference/section2d_v4/physical_model_posix.py:31: RuntimeWarning: divide by zero encountered in matmul
  tab=np.load(ROOT/'results/reservoir_force_lookup_final.npz');self.levels=tab['levels'];self.pore=tab['pore']@self.T;self.ext=tab['external']@self.T
/Users/wcqqq1214/Project/Landslide-Warning/runtime/ootang_bplus_v1_1/reference/section2d_v4/physical_model_posix.py:31: RuntimeWarning: overflow encountered in matmul
  tab=np.load(ROOT/'results/reservoir_force_lookup_final.npz');self.levels=tab['levels'];self.pore=tab['pore']@self.T;self.ext=tab['external']@self.T
/Users/wcqqq1214/Project/Landslide-Warning/runtime/ootang_bplus_v1_1/reference/section2d_v4/physical_model_posix.py:31: RuntimeWarning: invalid value encountered in matmul
  tab=np.load(ROOT/'results/reservoir_force_lookup_final.npz');self.levels=tab['levels'];self.pore=tab['pore']@self.T;self.ext=tab['external']@self.T
/Users/wcqqq1214/Project/Landslide-Warning/runtime/ootang_bplus_v1_1/reference/section2d_v4/physical_model_posix.py:63: RuntimeWarning: divide by zero encountered in matmul
  pred=u@ctx.obs.T
/Users/wcqqq1214/Project/Landslide-Warning/runtime/ootang_bplus_v1_1/reference/section2d_v4/physical_model_posix.py:63: RuntimeWarning: overflow encountered in matmul
  pred=u@ctx.obs.T
/Users/wcqqq1214/Project/Landslide-Warning/runtime/ootang_bplus_v1_1/reference/section2d_v4/physical_model_posix.py:63: RuntimeWarning: invalid value encountered in matmul
  pred=u@ctx.obs.T
/Users/wcqqq1214/Project/Landslide-Warning/runtime/ootang_bplus_v1_1/reference/section2d_v4/physical_model_posix.py:31: RuntimeWarning: divide by zero encountered in matmul
  tab=np.load(ROOT/'results/reservoir_force_lookup_final.npz');self.levels=tab['levels'];self.pore=tab['pore']@self.T;self.ext=tab['external']@self.T
/Users/wcqqq1214/Project/Landslide-Warning/runtime/ootang_bplus_v1_1/reference/section2d_v4/physical_model_posix.py:31: RuntimeWarning: overflow encountered in matmul
  tab=np.load(ROOT/'results/reservoir_force_lookup_final.npz');self.levels=tab['levels'];self.pore=tab['pore']@self.T;self.ext=tab['external']@self.T
/Users/wcqqq1214/Project/Landslide-Warning/runtime/ootang_bplus_v1_1/reference/section2d_v4/physical_model_posix.py:31: RuntimeWarning: invalid value encountered in matmul
  tab=np.load(ROOT/'results/reservoir_force_lookup_final.npz');self.levels=tab['levels'];self.pore=tab['pore']@self.T;self.ext=tab['external']@self.T
/Users/wcqqq1214/Project/Landslide-Warning/runtime/ootang_bplus_v1_1/reference/section2d_v4/physical_model_posix.py:63: RuntimeWarning: divide by zero encountered in matmul
  pred=u@ctx.obs.T
/Users/wcqqq1214/Project/Landslide-Warning/runtime/ootang_bplus_v1_1/reference/section2d_v4/physical_model_posix.py:63: RuntimeWarning: overflow encountered in matmul
  pred=u@ctx.obs.T
/Users/wcqqq1214/Project/Landslide-Warning/runtime/ootang_bplus_v1_1/reference/section2d_v4/physical_model_posix.py:63: RuntimeWarning: invalid value encountered in matmul
  pred=u@ctx.obs.T
/Users/wcqqq1214/Project/Landslide-Warning/runtime/ootang_bplus_v1_1/reference/section2d_v4/physical_model_posix.py:31: RuntimeWarning: divide by zero encountered in matmul
  tab=np.load(ROOT/'results/reservoir_force_lookup_final.npz');self.levels=tab['levels'];self.pore=tab['pore']@self.T;self.ext=tab['external']@self.T
/Users/wcqqq1214/Project/Landslide-Warning/runtime/ootang_bplus_v1_1/reference/section2d_v4/physical_model_posix.py:31: RuntimeWarning: overflow encountered in matmul
  tab=np.load(ROOT/'results/reservoir_force_lookup_final.npz');self.levels=tab['levels'];self.pore=tab['pore']@self.T;self.ext=tab['external']@self.T
/Users/wcqqq1214/Project/Landslide-Warning/runtime/ootang_bplus_v1_1/reference/section2d_v4/physical_model_posix.py:31: RuntimeWarning: invalid value encountered in matmul
  tab=np.load(ROOT/'results/reservoir_force_lookup_final.npz');self.levels=tab['levels'];self.pore=tab['pore']@self.T;self.ext=tab['external']@self.T
/Users/wcqqq1214/Project/Landslide-Warning/runtime/ootang_bplus_v1_1/reference/section2d_v4/physical_model_posix.py:63: RuntimeWarning: divide by zero encountered in matmul
  pred=u@ctx.obs.T
/Users/wcqqq1214/Project/Landslide-Warning/runtime/ootang_bplus_v1_1/reference/section2d_v4/physical_model_posix.py:63: RuntimeWarning: overflow encountered in matmul
  pred=u@ctx.obs.T
/Users/wcqqq1214/Project/Landslide-Warning/runtime/ootang_bplus_v1_1/reference/section2d_v4/physical_model_posix.py:63: RuntimeWarning: invalid value encountered in matmul
  pred=u@ctx.obs.T
/Users/wcqqq1214/Project/Landslide-Warning/runtime/ootang_bplus_v1_1/reference/section2d_v4/physical_model_posix.py:31: RuntimeWarning: divide by zero encountered in matmul
  tab=np.load(ROOT/'results/reservoir_force_lookup_final.npz');self.levels=tab['levels'];self.pore=tab['pore']@self.T;self.ext=tab['external']@self.T
/Users/wcqqq1214/Project/Landslide-Warning/runtime/ootang_bplus_v1_1/reference/section2d_v4/physical_model_posix.py:31: RuntimeWarning: overflow encountered in matmul
  tab=np.load(ROOT/'results/reservoir_force_lookup_final.npz');self.levels=tab['levels'];self.pore=tab['pore']@self.T;self.ext=tab['external']@self.T
/Users/wcqqq1214/Project/Landslide-Warning/runtime/ootang_bplus_v1_1/reference/section2d_v4/physical_model_posix.py:31: RuntimeWarning: invalid value encountered in matmul
  tab=np.load(ROOT/'results/reservoir_force_lookup_final.npz');self.levels=tab['levels'];self.pore=tab['pore']@self.T;self.ext=tab['external']@self.T
/Users/wcqqq1214/Project/Landslide-Warning/runtime/ootang_bplus_v1_1/reference/section2d_v4/physical_model_posix.py:63: RuntimeWarning: divide by zero encountered in matmul
  pred=u@ctx.obs.T
/Users/wcqqq1214/Project/Landslide-Warning/runtime/ootang_bplus_v1_1/reference/section2d_v4/physical_model_posix.py:63: RuntimeWarning: overflow encountered in matmul
  pred=u@ctx.obs.T
/Users/wcqqq1214/Project/Landslide-Warning/runtime/ootang_bplus_v1_1/reference/section2d_v4/physical_model_posix.py:63: RuntimeWarning: invalid value encountered in matmul
  pred=u@ctx.obs.T
/Users/wcqqq1214/Project/Landslide-Warning/runtime/ootang_bplus_v1_1/reference/section2d_v4/physical_model_posix.py:31: RuntimeWarning: divide by zero encountered in matmul
  tab=np.load(ROOT/'results/reservoir_force_lookup_final.npz');self.levels=tab['levels'];self.pore=tab['pore']@self.T;self.ext=tab['external']@self.T
/Users/wcqqq1214/Project/Landslide-Warning/runtime/ootang_bplus_v1_1/reference/section2d_v4/physical_model_posix.py:31: RuntimeWarning: overflow encountered in matmul
  tab=np.load(ROOT/'results/reservoir_force_lookup_final.npz');self.levels=tab['levels'];self.pore=tab['pore']@self.T;self.ext=tab['external']@self.T
/Users/wcqqq1214/Project/Landslide-Warning/runtime/ootang_bplus_v1_1/reference/section2d_v4/physical_model_posix.py:31: RuntimeWarning: invalid value encountered in matmul
  tab=np.load(ROOT/'results/reservoir_force_lookup_final.npz');self.levels=tab['levels'];self.pore=tab['pore']@self.T;self.ext=tab['external']@self.T
/Users/wcqqq1214/Project/Landslide-Warning/runtime/ootang_bplus_v1_1/reference/section2d_v4/physical_model_posix.py:63: RuntimeWarning: divide by zero encountered in matmul
  pred=u@ctx.obs.T
/Users/wcqqq1214/Project/Landslide-Warning/runtime/ootang_bplus_v1_1/reference/section2d_v4/physical_model_posix.py:63: RuntimeWarning: overflow encountered in matmul
  pred=u@ctx.obs.T
/Users/wcqqq1214/Project/Landslide-Warning/runtime/ootang_bplus_v1_1/reference/section2d_v4/physical_model_posix.py:63: RuntimeWarning: invalid value encountered in matmul
  pred=u@ctx.obs.T
/Users/wcqqq1214/Project/Landslide-Warning/runtime/ootang_bplus_v1_1/reference/section2d_v4/physical_model_posix.py:31: RuntimeWarning: divide by zero encountered in matmul
  tab=np.load(ROOT/'results/reservoir_force_lookup_final.npz');self.levels=tab['levels'];self.pore=tab['pore']@self.T;self.ext=tab['external']@self.T
/Users/wcqqq1214/Project/Landslide-Warning/runtime/ootang_bplus_v1_1/reference/section2d_v4/physical_model_posix.py:31: RuntimeWarning: overflow encountered in matmul
  tab=np.load(ROOT/'results/reservoir_force_lookup_final.npz');self.levels=tab['levels'];self.pore=tab['pore']@self.T;self.ext=tab['external']@self.T
/Users/wcqqq1214/Project/Landslide-Warning/runtime/ootang_bplus_v1_1/reference/section2d_v4/physical_model_posix.py:31: RuntimeWarning: invalid value encountered in matmul
  tab=np.load(ROOT/'results/reservoir_force_lookup_final.npz');self.levels=tab['levels'];self.pore=tab['pore']@self.T;self.ext=tab['external']@self.T
/Users/wcqqq1214/Project/Landslide-Warning/runtime/ootang_bplus_v1_1/reference/section2d_v4/physical_model_posix.py:63: RuntimeWarning: divide by zero encountered in matmul
  pred=u@ctx.obs.T
/Users/wcqqq1214/Project/Landslide-Warning/runtime/ootang_bplus_v1_1/reference/section2d_v4/physical_model_posix.py:63: RuntimeWarning: overflow encountered in matmul
  pred=u@ctx.obs.T
/Users/wcqqq1214/Project/Landslide-Warning/runtime/ootang_bplus_v1_1/reference/section2d_v4/physical_model_posix.py:63: RuntimeWarning: invalid value encountered in matmul
  pred=u@ctx.obs.T
/Users/wcqqq1214/Project/Landslide-Warning/runtime/ootang_bplus_v1_1/reference/section2d_v4/physical_model_posix.py:31: RuntimeWarning: divide by zero encountered in matmul
  tab=np.load(ROOT/'results/reservoir_force_lookup_final.npz');self.levels=tab['levels'];self.pore=tab['pore']@self.T;self.ext=tab['external']@self.T
/Users/wcqqq1214/Project/Landslide-Warning/runtime/ootang_bplus_v1_1/reference/section2d_v4/physical_model_posix.py:31: RuntimeWarning: overflow encountered in matmul
  tab=np.load(ROOT/'results/reservoir_force_lookup_final.npz');self.levels=tab['levels'];self.pore=tab['pore']@self.T;self.ext=tab['external']@self.T
/Users/wcqqq1214/Project/Landslide-Warning/runtime/ootang_bplus_v1_1/reference/section2d_v4/physical_model_posix.py:31: RuntimeWarning: invalid value encountered in matmul
  tab=np.load(ROOT/'results/reservoir_force_lookup_final.npz');self.levels=tab['levels'];self.pore=tab['pore']@self.T;self.ext=tab['external']@self.T
/Users/wcqqq1214/Project/Landslide-Warning/runtime/ootang_bplus_v1_1/reference/section2d_v4/physical_model_posix.py:63: RuntimeWarning: divide by zero encountered in matmul
  pred=u@ctx.obs.T
/Users/wcqqq1214/Project/Landslide-Warning/runtime/ootang_bplus_v1_1/reference/section2d_v4/physical_model_posix.py:63: RuntimeWarning: overflow encountered in matmul
  pred=u@ctx.obs.T
/Users/wcqqq1214/Project/Landslide-Warning/runtime/ootang_bplus_v1_1/reference/section2d_v4/physical_model_posix.py:63: RuntimeWarning: invalid value encountered in matmul
  pred=u@ctx.obs.T
/Users/wcqqq1214/Project/Landslide-Warning/runtime/ootang_bplus_v1_1/reference/section2d_v4/physical_model_posix.py:31: RuntimeWarning: divide by zero encountered in matmul
  tab=np.load(ROOT/'results/reservoir_force_lookup_final.npz');self.levels=tab['levels'];self.pore=tab['pore']@self.T;self.ext=tab['external']@self.T
/Users/wcqqq1214/Project/Landslide-Warning/runtime/ootang_bplus_v1_1/reference/section2d_v4/physical_model_posix.py:31: RuntimeWarning: overflow encountered in matmul
  tab=np.load(ROOT/'results/reservoir_force_lookup_final.npz');self.levels=tab['levels'];self.pore=tab['pore']@self.T;self.ext=tab['external']@self.T
/Users/wcqqq1214/Project/Landslide-Warning/runtime/ootang_bplus_v1_1/reference/section2d_v4/physical_model_posix.py:31: RuntimeWarning: invalid value encountered in matmul
  tab=np.load(ROOT/'results/reservoir_force_lookup_final.npz');self.levels=tab['levels'];self.pore=tab['pore']@self.T;self.ext=tab['external']@self.T
/Users/wcqqq1214/Project/Landslide-Warning/runtime/ootang_bplus_v1_1/reference/section2d_v4/physical_model_posix.py:63: RuntimeWarning: divide by zero encountered in matmul
  pred=u@ctx.obs.T
/Users/wcqqq1214/Project/Landslide-Warning/runtime/ootang_bplus_v1_1/reference/section2d_v4/physical_model_posix.py:63: RuntimeWarning: overflow encountered in matmul
  pred=u@ctx.obs.T
/Users/wcqqq1214/Project/Landslide-Warning/runtime/ootang_bplus_v1_1/reference/section2d_v4/physical_model_posix.py:63: RuntimeWarning: invalid value encountered in matmul
  pred=u@ctx.obs.T
/Users/wcqqq1214/Project/Landslide-Warning/runtime/ootang_bplus_v1_1/reference/section2d_v4/physical_model_posix.py:31: RuntimeWarning: divide by zero encountered in matmul
  tab=np.load(ROOT/'results/reservoir_force_lookup_final.npz');self.levels=tab['levels'];self.pore=tab['pore']@self.T;self.ext=tab['external']@self.T
/Users/wcqqq1214/Project/Landslide-Warning/runtime/ootang_bplus_v1_1/reference/section2d_v4/physical_model_posix.py:31: RuntimeWarning: overflow encountered in matmul
  tab=np.load(ROOT/'results/reservoir_force_lookup_final.npz');self.levels=tab['levels'];self.pore=tab['pore']@self.T;self.ext=tab['external']@self.T
/Users/wcqqq1214/Project/Landslide-Warning/runtime/ootang_bplus_v1_1/reference/section2d_v4/physical_model_posix.py:31: RuntimeWarning: invalid value encountered in matmul
  tab=np.load(ROOT/'results/reservoir_force_lookup_final.npz');self.levels=tab['levels'];self.pore=tab['pore']@self.T;self.ext=tab['external']@self.T
/Users/wcqqq1214/Project/Landslide-Warning/runtime/ootang_bplus_v1_1/reference/section2d_v4/physical_model_posix.py:63: RuntimeWarning: divide by zero encountered in matmul
  pred=u@ctx.obs.T
/Users/wcqqq1214/Project/Landslide-Warning/runtime/ootang_bplus_v1_1/reference/section2d_v4/physical_model_posix.py:63: RuntimeWarning: overflow encountered in matmul
  pred=u@ctx.obs.T
/Users/wcqqq1214/Project/Landslide-Warning/runtime/ootang_bplus_v1_1/reference/section2d_v4/physical_model_posix.py:63: RuntimeWarning: invalid value encountered in matmul
  pred=u@ctx.obs.T
{'status': 'passed', 'task': 'A', 'optimizer_rerun': False, 'stages_checked': 2, 'trajectories_checked': 10, 'substeps_checked': 333440, 'saved_curve_max_error_mm': 0.0, 'nfev': 1600, 'optimization_forward_calls': 80415, 'selected_improved': None, 'protected_files_checked': 540, 'scientific_sources_checked': 19, 'user_acceptance': 'pending'}
