development TRANSFORMER_DIRECT_COND seed=0 update=0 loss=2.79659039
development TRANSFORMER_DIRECT_COND seed=0 update=50 loss=1.01649047
development TRANSFORMER_DIRECT_COND seed=0 update=100 loss=0.20038332
development TRANSFORMER_DIRECT_COND seed=0 update=200 loss=0.02444846
development TRANSFORMER_DIRECT_COND seed=0 update=400 loss=0.00681855
development TRANSFORMER_DIRECT_COND seed=1 update=0 loss=2.79659039
development TRANSFORMER_DIRECT_COND seed=1 update=50 loss=1.07537244
development TRANSFORMER_DIRECT_COND seed=1 update=100 loss=0.20291558
development TRANSFORMER_DIRECT_COND seed=1 update=200 loss=0.02619655
development TRANSFORMER_DIRECT_COND seed=1 update=400 loss=0.01702244
development TRANSFORMER_DIRECT_COND seed=2 update=0 loss=2.79659039
development TRANSFORMER_DIRECT_COND seed=2 update=50 loss=1.04928485
development TRANSFORMER_DIRECT_COND seed=2 update=100 loss=0.20484254
development TRANSFORMER_DIRECT_COND seed=2 update=200 loss=0.02722876
development TRANSFORMER_DIRECT_COND seed=2 update=400 loss=0.01479602
development TRANSFORMER_BRES_COND seed=0 update=0 loss=0.00960615
development TRANSFORMER_BRES_COND seed=0 update=50 loss=0.00200661
development TRANSFORMER_BRES_COND seed=0 update=100 loss=0.00050948
development TRANSFORMER_BRES_COND seed=0 update=200 loss=0.00008386
development TRANSFORMER_BRES_COND seed=0 update=400 loss=0.00002101
development TRANSFORMER_BRES_COND seed=1 update=0 loss=0.00960615
development TRANSFORMER_BRES_COND seed=1 update=50 loss=0.00184486
development TRANSFORMER_BRES_COND seed=1 update=100 loss=0.00034422
development TRANSFORMER_BRES_COND seed=1 update=200 loss=0.00006887
development TRANSFORMER_BRES_COND seed=1 update=400 loss=0.00001988
development TRANSFORMER_BRES_COND seed=2 update=0 loss=0.00960615
development TRANSFORMER_BRES_COND seed=2 update=50 loss=0.00181855
development TRANSFORMER_BRES_COND seed=2 update=100 loss=0.00048443
development TRANSFORMER_BRES_COND seed=2 update=200 loss=0.00006284
development TRANSFORMER_BRES_COND seed=2 update=400 loss=0.00001739
development CNN_MAMBA_DIRECT_COND seed=0 update=0 loss=2.79659039
development CNN_MAMBA_DIRECT_COND seed=0 update=50 loss=0.97657820
development CNN_MAMBA_DIRECT_COND seed=0 update=100 loss=0.20302860
development CNN_MAMBA_DIRECT_COND seed=0 update=200 loss=0.01962893
development CNN_MAMBA_DIRECT_COND seed=0 update=400 loss=0.00449756
development CNN_MAMBA_DIRECT_COND seed=1 update=0 loss=2.79659039
development CNN_MAMBA_DIRECT_COND seed=1 update=50 loss=0.91816524
development CNN_MAMBA_DIRECT_COND seed=1 update=100 loss=0.15809975
development CNN_MAMBA_DIRECT_COND seed=1 update=200 loss=0.01635304
development CNN_MAMBA_DIRECT_COND seed=1 update=400 loss=0.00528684
development CNN_MAMBA_DIRECT_COND seed=2 update=0 loss=2.79659039
development CNN_MAMBA_DIRECT_COND seed=2 update=50 loss=0.95140607
development CNN_MAMBA_DIRECT_COND seed=2 update=100 loss=0.17249005
development CNN_MAMBA_DIRECT_COND seed=2 update=200 loss=0.01754337
development CNN_MAMBA_DIRECT_COND seed=2 update=400 loss=0.00540854
development CNN_MAMBA_BRES_COND seed=0 update=0 loss=0.00960615
development CNN_MAMBA_BRES_COND seed=0 update=50 loss=0.00129668
development CNN_MAMBA_BRES_COND seed=0 update=100 loss=0.00022893
development CNN_MAMBA_BRES_COND seed=0 update=200 loss=0.00004514
development CNN_MAMBA_BRES_COND seed=0 update=400 loss=0.00001316
development CNN_MAMBA_BRES_COND seed=1 update=0 loss=0.00960615
development CNN_MAMBA_BRES_COND seed=1 update=50 loss=0.00126348
development CNN_MAMBA_BRES_COND seed=1 update=100 loss=0.00022217
development CNN_MAMBA_BRES_COND seed=1 update=200 loss=0.00004296
development CNN_MAMBA_BRES_COND seed=1 update=400 loss=0.00001352
development CNN_MAMBA_BRES_COND seed=2 update=0 loss=0.00960615
development CNN_MAMBA_BRES_COND seed=2 update=50 loss=0.00109359
development CNN_MAMBA_BRES_COND seed=2 update=100 loss=0.00024479
development CNN_MAMBA_BRES_COND seed=2 update=200 loss=0.00005702
development CNN_MAMBA_BRES_COND seed=2 update=400 loss=0.00001436
{"phase": "development", "summary": {"BPLUS_CONTINUOUS": {"n_per_point": 376, "mae": 33.265136851962, "rmse": 41.36837187193975, "crps": 31.03512301586242, "coverage80": 0.4833776595744681, "width80": 75.00899150308656, "interval_score80": 270.0738991141872, "coverage90": 0.4980053191489362, "width90": 96.27299832870449, "interval_score90": 460.6002267144394, "coverage95": 0.5066489361702128, "width95": 114.71635306398764, "interval_score95": 801.4349337516105}, "DRIFT1": {"n_per_point": 376, "mae": 5.424645600830814, "rmse": 6.541317970779125, "crps": 6.450508399139748, "coverage80": 0.9667553191489362, "width80": 59.10958185958128, "interval_score80": 59.41751999070663, "coverage90": 0.9973404255319149, "width90": 75.86632697686284, "interval_score90": 75.87936592207372, "coverage95": 1.0, "width95": 90.40030436603556, "interval_score95": 90.40030436603556}, "RR_COND": {"n_per_point": 376, "mae": 38.181959671411015, "rmse": 45.899829150075504, "crps": 32.6934111267976, "coverage80": 0.47273936170212766, "width80": 91.56049340776036, "interval_score80": 274.0985288532231, "coverage90": 0.5026595744680851, "width90": 117.51662103679877, "interval_score90": 430.6531937820695, "coverage95": 0.5279255319148937, "width95": 140.02969081440517, "interval_score95": 682.3073078644654}, "TCN_DIRECT_COND": {"n_per_point": 376, "mae": 78.77258452632428, "rmse": 91.68410592699266, "crps": 57.03592367000711, "coverage80": 0.5059840425531915, "width80": 162.43911894938566, "interval_score80": 373.5564018268822, "coverage90": 0.6702127659574468, "width90": 208.48835204626022, "interval_score90": 445.3146548341812, "coverage95": 0.8038563829787234, "width95": 248.42919425245213, "interval_score95": 518.3241373680689}, "TCN_BRES_COND": {"n_per_point": 376, "mae": 43.49166925015102, "rmse": 49.59822889567976, "crps": 35.845620905970826, "coverage80": 0.42553191489361697, "width80": 83.38197860382151, "interval_score80": 294.989867747887, "coverage90": 0.48603723404255317, "width90": 107.01961092810407, "interval_score90": 474.6632654019272, "coverage95": 0.5066489361702128, "width95": 127.52173179526424, "interval_score95": 775.6225103663812}, "TRANSFORMER_DIRECT_COND": {"n_per_point": 376, "mae": 33.23929870837758, "rmse": 36.856791648869624, "crps": 23.191155068949776, "coverage80": 0.9601063829787234, "width80": 160.47637340938638, "interval_score80": 161.96879014233502, "coverage90": 0.9953457446808511, "width90": 205.96919541842777, "interval_score90": 206.09691508254022, "coverage95": 1.0, "width95": 245.4274339857238, "interval_score95": 245.4274339857238}, "TRANSFORMER_BRES_COND": {"n_per_point": 376, "mae": 39.83726474507223, "rmse": 48.18661688434247, "crps": 35.16214023254969, "coverage80": 0.46808510638297873, "width80": 77.15454427836498, "interval_score80": 304.66897681904544, "coverage90": 0.48470744680851063, "width90": 99.02678550287317, "interval_score90": 523.5967539223643, "coverage95": 0.5212765957446809, "width95": 117.9976928707777, "interval_score95": 917.0209967307962}, "CNN_MAMBA_DIRECT_COND": {"n_per_point": 376, "mae": 43.1289022234323, "rmse": 47.55388424881562, "crps": 28.13340465881415, "coverage80": 0.8284574468085106, "width80": 149.89358062738597, "interval_score80": 165.74177541090526, "coverage90": 0.9089095744680851, "width90": 192.38632793283273, "interval_score90": 207.20801240964695, "coverage95": 0.9295212765957447, "width95": 229.24244910783727, "interval_score95": 246.88567609531972}, "CNN_MAMBA_BRES_COND": {"n_per_point": 376, "mae": 42.53181614872438, "rmse": 50.10412869413697, "crps": 35.872721356965265, "coverage80": 0.47606382978723405, "width80": 86.40102253028077, "interval_score80": 297.8507069950377, "coverage90": 0.5319148936170213, "width90": 110.8945118574726, "interval_score90": 480.8398391096823, "coverage95": 0.5472074468085106, "width95": 132.13896103729638, "interval_score95": 789.2968353230547}}, "effect": {"TRANSFORMER_DIRECT_COND": {"mean_pass": false, "probability_pass": false, "joint_pass": false, "mean_checks": {"average_mae": false, "average_rmse": true, "ATU1_mae": true, "ATU1_rmse": true, "ATU5_mae": false, "ATU5_rmse": false, "MJ3_mae": true, "MJ3_rmse": true, "MJ1_mae": false, "MJ1_rmse": false}, "probability_checks": {"average_crps": true, "average_interval_score90": true, "coverage90_average": true, "ATU1_crps": true, "ATU1_interval_score90": true, "ATU1_coverage90": true, "ATU5_crps": true, "ATU5_interval_score90": true, "ATU5_coverage90": true, "MJ3_crps": true, "MJ3_interval_score90": true, "MJ3_coverage90": true, "MJ1_crps": false, "MJ1_interval_score90": false, "MJ1_coverage90": true}}, "TRANSFORMER_BRES_COND": {"mean_pass": false, "probability_pass": false, "joint_pass": false, "mean_checks": {"average_mae": false, "average_rmse": false, "ATU1_mae": false, "ATU1_rmse": false, "ATU5_mae": false, "ATU5_rmse": false, "MJ3_mae": false, "MJ3_rmse": false, "MJ1_mae": false, "MJ1_rmse": false}, "probability_checks": {"average_crps": false, "average_interval_score90": false, "coverage90_average": false, "ATU1_crps": false, "ATU1_interval_score90": false, "ATU1_coverage90": false, "ATU5_crps": false, "ATU5_interval_score90": false, "ATU5_coverage90": false, "MJ3_crps": false, "MJ3_interval_score90": true, "MJ3_coverage90": true, "MJ1_crps": false, "MJ1_interval_score90": false, "MJ1_coverage90": false}}, "CNN_MAMBA_DIRECT_COND": {"mean_pass": false, "probability_pass": false, "joint_pass": false, "mean_checks": {"average_mae": false, "average_rmse": false, "ATU1_mae": false, "ATU1_rmse": false, "ATU5_mae": false, "ATU5_rmse": false, "MJ3_mae": true, "MJ3_rmse": true, "MJ1_mae": false, "MJ1_rmse": false}, "probability_checks": {"average_crps": true, "average_interval_score90": true, "coverage90_average": true, "ATU1_crps": true, "ATU1_interval_score90": true, "ATU1_coverage90": true, "ATU5_crps": false, "ATU5_interval_score90": true, "ATU5_coverage90": true, "MJ3_crps": true, "MJ3_interval_score90": true, "MJ3_coverage90": false, "MJ1_crps": false, "MJ1_interval_score90": true, "MJ1_coverage90": true}}, "CNN_MAMBA_BRES_COND": {"mean_pass": false, "probability_pass": false, "joint_pass": false, "mean_checks": {"average_mae": false, "average_rmse": false, "ATU1_mae": false, "ATU1_rmse": false, "ATU5_mae": false, "ATU5_rmse": false, "MJ3_mae": false, "MJ3_rmse": false, "MJ1_mae": false, "MJ1_rmse": false}, "probability_checks": {"average_crps": false, "average_interval_score90": false, "coverage90_average": false, "ATU1_crps": false, "ATU1_interval_score90": false, "ATU1_coverage90": false, "ATU5_crps": false, "ATU5_interval_score90": true, "ATU5_coverage90": false, "MJ3_crps": false, "MJ3_interval_score90": true, "MJ3_coverage90": true, "MJ1_crps": false, "MJ1_interval_score90": false, "MJ1_coverage90": false}}}}
