final_exploratory TRANSFORMER_DIRECT_COND seed=0 update=0 loss=3.82894341
final_exploratory TRANSFORMER_DIRECT_COND seed=0 update=50 loss=1.44195126
final_exploratory TRANSFORMER_DIRECT_COND seed=0 update=100 loss=0.27706186
final_exploratory TRANSFORMER_DIRECT_COND seed=0 update=200 loss=0.02356221
final_exploratory TRANSFORMER_DIRECT_COND seed=0 update=400 loss=0.01495699
final_exploratory TRANSFORMER_DIRECT_COND seed=1 update=0 loss=3.82894341
final_exploratory TRANSFORMER_DIRECT_COND seed=1 update=50 loss=1.51545297
final_exploratory TRANSFORMER_DIRECT_COND seed=1 update=100 loss=0.28042768
final_exploratory TRANSFORMER_DIRECT_COND seed=1 update=200 loss=0.02394137
final_exploratory TRANSFORMER_DIRECT_COND seed=1 update=400 loss=0.01519667
final_exploratory TRANSFORMER_DIRECT_COND seed=2 update=0 loss=3.82894341
final_exploratory TRANSFORMER_DIRECT_COND seed=2 update=50 loss=1.50445992
final_exploratory TRANSFORMER_DIRECT_COND seed=2 update=100 loss=0.27871662
final_exploratory TRANSFORMER_DIRECT_COND seed=2 update=200 loss=0.02417726
final_exploratory TRANSFORMER_DIRECT_COND seed=2 update=400 loss=0.01547448
final_exploratory TRANSFORMER_BRES_COND seed=0 update=0 loss=0.00320534
final_exploratory TRANSFORMER_BRES_COND seed=0 update=50 loss=0.00070882
final_exploratory TRANSFORMER_BRES_COND seed=0 update=100 loss=0.00022571
final_exploratory TRANSFORMER_BRES_COND seed=0 update=200 loss=0.00006435
final_exploratory TRANSFORMER_BRES_COND seed=0 update=400 loss=0.00002083
final_exploratory TRANSFORMER_BRES_COND seed=1 update=0 loss=0.00320534
final_exploratory TRANSFORMER_BRES_COND seed=1 update=50 loss=0.00068410
final_exploratory TRANSFORMER_BRES_COND seed=1 update=100 loss=0.00023127
final_exploratory TRANSFORMER_BRES_COND seed=1 update=200 loss=0.00005716
final_exploratory TRANSFORMER_BRES_COND seed=1 update=400 loss=0.00001644
final_exploratory TRANSFORMER_BRES_COND seed=2 update=0 loss=0.00320534
final_exploratory TRANSFORMER_BRES_COND seed=2 update=50 loss=0.00067377
final_exploratory TRANSFORMER_BRES_COND seed=2 update=100 loss=0.00021505
final_exploratory TRANSFORMER_BRES_COND seed=2 update=200 loss=0.00006413
final_exploratory TRANSFORMER_BRES_COND seed=2 update=400 loss=0.00002063
final_exploratory CNN_MAMBA_DIRECT_COND seed=0 update=0 loss=3.82894341
final_exploratory CNN_MAMBA_DIRECT_COND seed=0 update=50 loss=1.37135472
final_exploratory CNN_MAMBA_DIRECT_COND seed=0 update=100 loss=0.22896256
final_exploratory CNN_MAMBA_DIRECT_COND seed=0 update=200 loss=0.02185497
final_exploratory CNN_MAMBA_DIRECT_COND seed=0 update=400 loss=0.00589086
final_exploratory CNN_MAMBA_DIRECT_COND seed=1 update=0 loss=3.82894341
final_exploratory CNN_MAMBA_DIRECT_COND seed=1 update=50 loss=1.33032202
final_exploratory CNN_MAMBA_DIRECT_COND seed=1 update=100 loss=0.21030501
final_exploratory CNN_MAMBA_DIRECT_COND seed=1 update=200 loss=0.02195997
final_exploratory CNN_MAMBA_DIRECT_COND seed=1 update=400 loss=0.00773307
final_exploratory CNN_MAMBA_DIRECT_COND seed=2 update=0 loss=3.82894341
final_exploratory CNN_MAMBA_DIRECT_COND seed=2 update=50 loss=1.41009463
final_exploratory CNN_MAMBA_DIRECT_COND seed=2 update=100 loss=0.25216897
final_exploratory CNN_MAMBA_DIRECT_COND seed=2 update=200 loss=0.02459247
final_exploratory CNN_MAMBA_DIRECT_COND seed=2 update=400 loss=0.00740683
final_exploratory CNN_MAMBA_BRES_COND seed=0 update=0 loss=0.00320534
final_exploratory CNN_MAMBA_BRES_COND seed=0 update=50 loss=0.00085690
final_exploratory CNN_MAMBA_BRES_COND seed=0 update=100 loss=0.00023322
final_exploratory CNN_MAMBA_BRES_COND seed=0 update=200 loss=0.00003462
final_exploratory CNN_MAMBA_BRES_COND seed=0 update=400 loss=0.00000971
final_exploratory CNN_MAMBA_BRES_COND seed=1 update=0 loss=0.00320534
final_exploratory CNN_MAMBA_BRES_COND seed=1 update=50 loss=0.00063245
final_exploratory CNN_MAMBA_BRES_COND seed=1 update=100 loss=0.00015735
final_exploratory CNN_MAMBA_BRES_COND seed=1 update=200 loss=0.00003316
final_exploratory CNN_MAMBA_BRES_COND seed=1 update=400 loss=0.00001149
final_exploratory CNN_MAMBA_BRES_COND seed=2 update=0 loss=0.00320534
final_exploratory CNN_MAMBA_BRES_COND seed=2 update=50 loss=0.00066074
final_exploratory CNN_MAMBA_BRES_COND seed=2 update=100 loss=0.00016119
final_exploratory CNN_MAMBA_BRES_COND seed=2 update=200 loss=0.00004282
final_exploratory CNN_MAMBA_BRES_COND seed=2 update=400 loss=0.00001844
{"phase": "final_exploratory", "summary": {"BPLUS_CONTINUOUS": {"n_per_point": 293, "mae": 6.901689250361964, "rmse": 9.124173217774597, "crps": 16.154436020259663, "coverage80": 1.0, "width80": 171.46866018184943, "interval_score80": 171.46866018184943, "coverage90": 1.0, "width90": 220.07764275077767, "interval_score90": 220.07764275077767, "coverage95": 1.0, "width95": 262.23868587835307, "interval_score95": 262.23868587835307}, "DRIFT1": {"n_per_point": 293, "mae": 9.109845279087784, "rmse": 12.9777345313275, "crps": 7.277586720603404, "coverage80": 0.5580204778156996, "width80": 18.47638823828197, "interval_score80": 54.77568021272784, "coverage90": 0.6808873720136518, "width90": 23.714187570584983, "interval_score90": 78.31358831977961, "coverage95": 0.7960750853242321, "width95": 28.257197357504115, "interval_score95": 118.5121179321772}, "RR_COND": {"n_per_point": 293, "mae": 11.318236548369157, "rmse": 12.338213669009026, "crps": 18.572699509267117, "coverage80": 1.0, "width80": 194.25307811229553, "interval_score80": 194.25307811229553, "coverage90": 1.0, "width90": 249.32112657028864, "interval_score90": 249.32112657028864, "coverage95": 1.0, "width95": 297.0844460904333, "interval_score95": 297.0844460904333}, "TCN_DIRECT_COND": {"n_per_point": 293, "mae": 39.48799583588641, "rmse": 43.25335670757466, "crps": 37.43602173539068, "coverage80": 1.0, "width80": 347.80465934349786, "interval_score80": 347.80465934349786, "coverage90": 1.0, "width90": 446.40244744944204, "interval_score90": 446.40244744944204, "coverage95": 1.0, "width95": 531.9213243509196, "interval_score95": 531.9213243509196}, "TCN_BRES_COND": {"n_per_point": 293, "mae": 11.495659945329464, "rmse": 12.862059398748798, "crps": 18.814220063409955, "coverage80": 1.0, "width80": 196.5437456985451, "interval_score80": 196.5437456985451, "coverage90": 1.0, "width90": 252.26116658793842, "interval_score90": 252.26116658793842, "coverage95": 1.0, "width95": 300.58771984882827, "interval_score95": 300.58771984882827}, "TRANSFORMER_DIRECT_COND": {"n_per_point": 293, "mae": 32.84790521418843, "rmse": 36.41685844101815, "crps": 22.82284336792871, "coverage80": 0.8873720136518771, "width80": 138.30035359437292, "interval_score80": 157.48589170828058, "coverage90": 0.9189419795221843, "width90": 177.50658212625657, "interval_score90": 197.9257088622365, "coverage95": 0.947098976109215, "width95": 211.51213839681589, "interval_score95": 229.89020184841138}, "TRANSFORMER_BRES_COND": {"n_per_point": 293, "mae": 6.883835616636941, "rmse": 9.27908197971311, "crps": 19.176916655313555, "coverage80": 1.0, "width80": 204.77835314544103, "interval_score80": 204.77835314544103, "coverage90": 1.0, "width90": 262.8301708244495, "interval_score90": 262.8301708244495, "coverage95": 1.0, "width95": 313.1814651624495, "interval_score95": 313.1814651624495}, "CNN_MAMBA_DIRECT_COND": {"n_per_point": 293, "mae": 36.249985041741326, "rmse": 39.61011918014843, "crps": 26.29436093583977, "coverage80": 0.8839590443686007, "width80": 173.3899145496582, "interval_score80": 194.64741891354896, "coverage90": 0.9155290102389079, "width90": 222.54354603563203, "interval_score90": 248.1010920935316, "coverage95": 0.9360068259385665, "width95": 265.17699087308443, "interval_score95": 293.3705341592801}, "CNN_MAMBA_BRES_COND": {"n_per_point": 293, "mae": 8.49882484225024, "rmse": 10.375614434729393, "crps": 18.99048992028832, "coverage80": 1.0, "width80": 202.01421265964365, "interval_score80": 202.01421265964365, "coverage90": 1.0, "width90": 259.28243491923445, "interval_score90": 259.28243491923445, "coverage95": 1.0, "width95": 308.9540770915921, "interval_score95": 308.9540770915921}}, "effect": {"TRANSFORMER_DIRECT_COND": {"mean_pass": false, "probability_pass": false, "joint_pass": false, "mean_checks": {"average_mae": false, "average_rmse": false, "ATU1_mae": false, "ATU1_rmse": false, "ATU5_mae": false, "ATU5_rmse": false, "MJ3_mae": false, "MJ3_rmse": false, "MJ1_mae": false, "MJ1_rmse": false}, "probability_checks": {"average_crps": false, "average_interval_score90": true, "coverage90_average": true, "ATU1_crps": true, "ATU1_interval_score90": true, "ATU1_coverage90": true, "ATU5_crps": false, "ATU5_interval_score90": false, "ATU5_coverage90": true, "MJ3_crps": false, "MJ3_interval_score90": true, "MJ3_coverage90": false, "MJ1_crps": false, "MJ1_interval_score90": true, "MJ1_coverage90": true}}, "TRANSFORMER_BRES_COND": {"mean_pass": false, "probability_pass": false, "joint_pass": false, "mean_checks": {"average_mae": false, "average_rmse": false, "ATU1_mae": true, "ATU1_rmse": true, "ATU5_mae": true, "ATU5_rmse": true, "MJ3_mae": false, "MJ3_rmse": false, "MJ1_mae": false, "MJ1_rmse": false}, "probability_checks": {"average_crps": false, "average_interval_score90": false, "coverage90_average": true, "ATU1_crps": false, "ATU1_interval_score90": false, "ATU1_coverage90": true, "ATU5_crps": false, "ATU5_interval_score90": false, "ATU5_coverage90": true, "MJ3_crps": false, "MJ3_interval_score90": false, "MJ3_coverage90": true, "MJ1_crps": false, "MJ1_interval_score90": false, "MJ1_coverage90": true}}, "CNN_MAMBA_DIRECT_COND": {"mean_pass": false, "probability_pass": false, "joint_pass": false, "mean_checks": {"average_mae": false, "average_rmse": false, "ATU1_mae": false, "ATU1_rmse": false, "ATU5_mae": false, "ATU5_rmse": false, "MJ3_mae": false, "MJ3_rmse": false, "MJ1_mae": false, "MJ1_rmse": false}, "probability_checks": {"average_crps": false, "average_interval_score90": false, "coverage90_average": true, "ATU1_crps": false, "ATU1_interval_score90": false, "ATU1_coverage90": true, "ATU5_crps": false, "ATU5_interval_score90": false, "ATU5_coverage90": true, "MJ3_crps": false, "MJ3_interval_score90": true, "MJ3_coverage90": false, "MJ1_crps": false, "MJ1_interval_score90": true, "MJ1_coverage90": true}}, "CNN_MAMBA_BRES_COND": {"mean_pass": false, "probability_pass": false, "joint_pass": false, "mean_checks": {"average_mae": false, "average_rmse": false, "ATU1_mae": false, "ATU1_rmse": false, "ATU5_mae": false, "ATU5_rmse": false, "MJ3_mae": false, "MJ3_rmse": true, "MJ1_mae": false, "MJ1_rmse": true}, "probability_checks": {"average_crps": false, "average_interval_score90": false, "coverage90_average": true, "ATU1_crps": false, "ATU1_interval_score90": false, "ATU1_coverage90": true, "ATU5_crps": false, "ATU5_interval_score90": false, "ATU5_coverage90": true, "MJ3_crps": true, "MJ3_interval_score90": true, "MJ3_coverage90": true, "MJ1_crps": false, "MJ1_interval_score90": false, "MJ1_coverage90": true}}}}
