internal TRANSFORMER_DIRECT_COND seed=0 update=0 loss=2.33285244
internal TRANSFORMER_DIRECT_COND seed=0 update=50 loss=0.89326376
internal TRANSFORMER_DIRECT_COND seed=0 update=100 loss=0.22432519
internal TRANSFORMER_DIRECT_COND seed=0 update=200 loss=0.02778672
internal TRANSFORMER_DIRECT_COND seed=0 update=400 loss=0.00603792
internal TRANSFORMER_DIRECT_COND seed=1 update=0 loss=2.33285244
internal TRANSFORMER_DIRECT_COND seed=1 update=50 loss=0.97657428
internal TRANSFORMER_DIRECT_COND seed=1 update=100 loss=0.22997987
internal TRANSFORMER_DIRECT_COND seed=1 update=200 loss=0.02690919
internal TRANSFORMER_DIRECT_COND seed=1 update=400 loss=0.00374694
internal TRANSFORMER_DIRECT_COND seed=2 update=0 loss=2.33285244
internal TRANSFORMER_DIRECT_COND seed=2 update=50 loss=0.95300957
internal TRANSFORMER_DIRECT_COND seed=2 update=100 loss=0.25062857
internal TRANSFORMER_DIRECT_COND seed=2 update=200 loss=0.02794578
internal TRANSFORMER_DIRECT_COND seed=2 update=400 loss=0.00376959
internal TRANSFORMER_BRES_COND seed=0 update=0 loss=0.00377970
internal TRANSFORMER_BRES_COND seed=0 update=50 loss=0.00065503
internal TRANSFORMER_BRES_COND seed=0 update=100 loss=0.00018927
internal TRANSFORMER_BRES_COND seed=0 update=200 loss=0.00003570
internal TRANSFORMER_BRES_COND seed=0 update=400 loss=0.00000943
internal TRANSFORMER_BRES_COND seed=1 update=0 loss=0.00377970
internal TRANSFORMER_BRES_COND seed=1 update=50 loss=0.00063011
internal TRANSFORMER_BRES_COND seed=1 update=100 loss=0.00015005
internal TRANSFORMER_BRES_COND seed=1 update=200 loss=0.00003385
internal TRANSFORMER_BRES_COND seed=1 update=400 loss=0.00001068
internal TRANSFORMER_BRES_COND seed=2 update=0 loss=0.00377970
internal TRANSFORMER_BRES_COND seed=2 update=50 loss=0.00069479
internal TRANSFORMER_BRES_COND seed=2 update=100 loss=0.00015505
internal TRANSFORMER_BRES_COND seed=2 update=200 loss=0.00003662
internal TRANSFORMER_BRES_COND seed=2 update=400 loss=0.00001203
internal CNN_MAMBA_DIRECT_COND seed=0 update=0 loss=2.33285244
internal CNN_MAMBA_DIRECT_COND seed=0 update=50 loss=0.83646557
internal CNN_MAMBA_DIRECT_COND seed=0 update=100 loss=0.20420405
internal CNN_MAMBA_DIRECT_COND seed=0 update=200 loss=0.01297422
internal CNN_MAMBA_DIRECT_COND seed=0 update=400 loss=0.00154040
internal CNN_MAMBA_DIRECT_COND seed=1 update=0 loss=2.33285244
internal CNN_MAMBA_DIRECT_COND seed=1 update=50 loss=0.85076102
internal CNN_MAMBA_DIRECT_COND seed=1 update=100 loss=0.20714955
internal CNN_MAMBA_DIRECT_COND seed=1 update=200 loss=0.01012469
internal CNN_MAMBA_DIRECT_COND seed=1 update=400 loss=0.00141406
internal CNN_MAMBA_DIRECT_COND seed=2 update=0 loss=2.33285244
internal CNN_MAMBA_DIRECT_COND seed=2 update=50 loss=0.81518478
internal CNN_MAMBA_DIRECT_COND seed=2 update=100 loss=0.19206395
internal CNN_MAMBA_DIRECT_COND seed=2 update=200 loss=0.01305325
internal CNN_MAMBA_DIRECT_COND seed=2 update=400 loss=0.00177886
internal CNN_MAMBA_BRES_COND seed=0 update=0 loss=0.00377970
internal CNN_MAMBA_BRES_COND seed=0 update=50 loss=0.00059921
internal CNN_MAMBA_BRES_COND seed=0 update=100 loss=0.00014111
internal CNN_MAMBA_BRES_COND seed=0 update=200 loss=0.00003359
internal CNN_MAMBA_BRES_COND seed=0 update=400 loss=0.00000911
internal CNN_MAMBA_BRES_COND seed=1 update=0 loss=0.00377970
internal CNN_MAMBA_BRES_COND seed=1 update=50 loss=0.00046436
internal CNN_MAMBA_BRES_COND seed=1 update=100 loss=0.00011692
internal CNN_MAMBA_BRES_COND seed=1 update=200 loss=0.00002538
internal CNN_MAMBA_BRES_COND seed=1 update=400 loss=0.00000836
internal CNN_MAMBA_BRES_COND seed=2 update=0 loss=0.00377970
internal CNN_MAMBA_BRES_COND seed=2 update=50 loss=0.00050765
internal CNN_MAMBA_BRES_COND seed=2 update=100 loss=0.00011849
internal CNN_MAMBA_BRES_COND seed=2 update=200 loss=0.00002916
internal CNN_MAMBA_BRES_COND seed=2 update=400 loss=0.00000794
internal selected {'TRANSFORMER': 400, 'CNN_MAMBA': 400} Q {'TRANSFORMER': {'50': 1.0533822396030226, '100': 0.6347622394860226, '200': 0.2424012159184062, '400': 0.2289095164736116}, 'CNN_MAMBA': {'50': 1.0225511806972065, '100': 0.5948875233187049, '200': 0.25060654503285623, '400': 0.2043091212789232}}
