h=342 IN_CARRY seed=0 epoch=25 updates=25 elapsed=7.1s
h=342 IN_CARRY seed=0 epoch=50 updates=50 elapsed=11.7s
h=342 IN_CARRY seed=0 epoch=75 updates=75 elapsed=16.4s
h=342 IN_CARRY seed=0 epoch=100 updates=100 elapsed=21.1s
h=342 IN_CARRY seed=1 epoch=25 updates=125 elapsed=26.2s
h=342 IN_CARRY seed=1 epoch=50 updates=150 elapsed=30.9s
h=342 IN_CARRY seed=1 epoch=75 updates=175 elapsed=35.6s
h=342 IN_CARRY seed=1 epoch=100 updates=200 elapsed=40.2s
h=342 IN_CARRY seed=2 epoch=25 updates=225 elapsed=45.3s
h=342 IN_CARRY seed=2 epoch=50 updates=250 elapsed=50.2s
h=342 IN_CARRY seed=2 epoch=75 updates=275 elapsed=55.0s
h=342 IN_CARRY seed=2 epoch=100 updates=300 elapsed=60.0s
h=342 IN_RESET seed=0 epoch=25 updates=325 elapsed=64.6s
h=342 IN_RESET seed=0 epoch=50 updates=350 elapsed=69.0s
h=342 IN_RESET seed=0 epoch=75 updates=375 elapsed=73.4s
h=342 IN_RESET seed=0 epoch=100 updates=400 elapsed=77.9s
h=342 IN_RESET seed=1 epoch=25 updates=425 elapsed=82.3s
h=342 IN_RESET seed=1 epoch=50 updates=450 elapsed=86.8s
h=342 IN_RESET seed=1 epoch=75 updates=475 elapsed=91.3s
h=342 IN_RESET seed=1 epoch=100 updates=500 elapsed=96.0s
h=342 IN_RESET seed=2 epoch=25 updates=525 elapsed=100.6s
h=342 IN_RESET seed=2 epoch=50 updates=550 elapsed=105.6s
h=342 IN_RESET seed=2 epoch=75 updates=575 elapsed=109.9s
h=342 IN_RESET seed=2 epoch=100 updates=600 elapsed=114.6s
h=342 OOF_CARRY seed=0 epoch=25 updates=625 elapsed=119.8s
h=342 OOF_CARRY seed=0 epoch=50 updates=650 elapsed=124.9s
h=342 OOF_CARRY seed=0 epoch=75 updates=675 elapsed=129.8s
h=342 OOF_CARRY seed=0 epoch=100 updates=700 elapsed=134.7s
h=342 OOF_CARRY seed=1 epoch=25 updates=725 elapsed=139.8s
h=342 OOF_CARRY seed=1 epoch=50 updates=750 elapsed=144.9s
h=342 OOF_CARRY seed=1 epoch=75 updates=775 elapsed=149.8s
h=342 OOF_CARRY seed=1 epoch=100 updates=800 elapsed=154.9s
h=342 OOF_CARRY seed=2 epoch=25 updates=825 elapsed=160.2s
h=342 OOF_CARRY seed=2 epoch=50 updates=850 elapsed=165.3s
h=342 OOF_CARRY seed=2 epoch=75 updates=875 elapsed=170.2s
h=342 OOF_CARRY seed=2 epoch=100 updates=900 elapsed=175.2s
h=342 OOF_RESET seed=0 epoch=25 updates=925 elapsed=180.0s
h=342 OOF_RESET seed=0 epoch=50 updates=950 elapsed=184.6s
h=342 OOF_RESET seed=0 epoch=75 updates=975 elapsed=189.0s
h=342 OOF_RESET seed=0 epoch=100 updates=1000 elapsed=193.3s
h=342 OOF_RESET seed=1 epoch=25 updates=1025 elapsed=197.9s
h=342 OOF_RESET seed=1 epoch=50 updates=1050 elapsed=202.1s
h=342 OOF_RESET seed=1 epoch=75 updates=1075 elapsed=206.4s
h=342 OOF_RESET seed=1 epoch=100 updates=1100 elapsed=210.7s
h=342 OOF_RESET seed=2 epoch=25 updates=1125 elapsed=215.3s
h=342 OOF_RESET seed=2 epoch=50 updates=1150 elapsed=219.6s
h=342 OOF_RESET seed=2 epoch=75 updates=1175 elapsed=224.2s
h=342 OOF_RESET seed=2 epoch=100 updates=1200 elapsed=228.5s
h=432 IN_CARRY seed=0 epoch=25 updates=1225 elapsed=234.8s
h=432 IN_CARRY seed=0 epoch=50 updates=1250 elapsed=240.5s
h=432 IN_CARRY seed=0 epoch=75 updates=1275 elapsed=246.5s
h=432 IN_CARRY seed=0 epoch=100 updates=1300 elapsed=252.1s
h=432 IN_CARRY seed=1 epoch=25 updates=1325 elapsed=258.2s
h=432 IN_CARRY seed=1 epoch=50 updates=1350 elapsed=263.9s
h=432 IN_CARRY seed=1 epoch=75 updates=1375 elapsed=269.7s
h=432 IN_CARRY seed=1 epoch=100 updates=1400 elapsed=275.4s
h=432 IN_CARRY seed=2 epoch=25 updates=1425 elapsed=281.7s
h=432 IN_CARRY seed=2 epoch=50 updates=1450 elapsed=287.6s
h=432 IN_CARRY seed=2 epoch=75 updates=1475 elapsed=293.5s
h=432 IN_CARRY seed=2 epoch=100 updates=1500 elapsed=299.2s
h=432 IN_RESET seed=0 epoch=25 updates=1525 elapsed=304.8s
h=432 IN_RESET seed=0 epoch=50 updates=1550 elapsed=310.0s
h=432 IN_RESET seed=0 epoch=75 updates=1575 elapsed=315.3s
h=432 IN_RESET seed=0 epoch=100 updates=1600 elapsed=321.3s
h=432 IN_RESET seed=1 epoch=25 updates=1625 elapsed=326.7s
h=432 IN_RESET seed=1 epoch=50 updates=1650 elapsed=331.9s
h=432 IN_RESET seed=1 epoch=75 updates=1675 elapsed=337.2s
h=432 IN_RESET seed=1 epoch=100 updates=1700 elapsed=342.4s
h=432 IN_RESET seed=2 epoch=25 updates=1725 elapsed=347.9s
h=432 IN_RESET seed=2 epoch=50 updates=1750 elapsed=353.1s
h=432 IN_RESET seed=2 epoch=75 updates=1775 elapsed=358.3s
h=432 IN_RESET seed=2 epoch=100 updates=1800 elapsed=363.6s
h=432 OOF_CARRY seed=0 epoch=25 updates=1825 elapsed=369.4s
h=432 OOF_CARRY seed=0 epoch=50 updates=1850 elapsed=375.2s
h=432 OOF_CARRY seed=0 epoch=75 updates=1875 elapsed=380.8s
h=432 OOF_CARRY seed=0 epoch=100 updates=1900 elapsed=386.6s
h=432 OOF_CARRY seed=1 epoch=25 updates=1925 elapsed=392.6s
h=432 OOF_CARRY seed=1 epoch=50 updates=1950 elapsed=398.5s
h=432 OOF_CARRY seed=1 epoch=75 updates=1975 elapsed=404.3s
h=432 OOF_CARRY seed=1 epoch=100 updates=2000 elapsed=410.1s
h=432 OOF_CARRY seed=2 epoch=25 updates=2025 elapsed=416.0s
h=432 OOF_CARRY seed=2 epoch=50 updates=2050 elapsed=421.9s
h=432 OOF_CARRY seed=2 epoch=75 updates=2075 elapsed=427.8s
h=432 OOF_CARRY seed=2 epoch=100 updates=2100 elapsed=433.8s
h=432 OOF_RESET seed=0 epoch=25 updates=2125 elapsed=439.3s
h=432 OOF_RESET seed=0 epoch=50 updates=2150 elapsed=444.6s
h=432 OOF_RESET seed=0 epoch=75 updates=2175 elapsed=449.8s
h=432 OOF_RESET seed=0 epoch=100 updates=2200 elapsed=455.1s
h=432 OOF_RESET seed=1 epoch=25 updates=2225 elapsed=460.3s
h=432 OOF_RESET seed=1 epoch=50 updates=2250 elapsed=465.5s
h=432 OOF_RESET seed=1 epoch=75 updates=2275 elapsed=470.7s
h=432 OOF_RESET seed=1 epoch=100 updates=2300 elapsed=475.8s
h=432 OOF_RESET seed=2 epoch=25 updates=2325 elapsed=481.2s
h=432 OOF_RESET seed=2 epoch=50 updates=2350 elapsed=486.6s
h=432 OOF_RESET seed=2 epoch=75 updates=2375 elapsed=491.7s
h=432 OOF_RESET seed=2 epoch=100 updates=2400 elapsed=496.9s
h=612 IN_CARRY seed=0 epoch=25 updates=2425 elapsed=505.3s
h=612 IN_CARRY seed=0 epoch=50 updates=2450 elapsed=513.0s
h=612 IN_CARRY seed=0 epoch=75 updates=2475 elapsed=520.7s
h=612 IN_CARRY seed=0 epoch=100 updates=2500 elapsed=528.3s
h=612 IN_CARRY seed=1 epoch=25 updates=2525 elapsed=537.1s
h=612 IN_CARRY seed=1 epoch=50 updates=2550 elapsed=544.7s
h=612 IN_CARRY seed=1 epoch=75 updates=2575 elapsed=552.5s
h=612 IN_CARRY seed=1 epoch=100 updates=2600 elapsed=560.2s
h=612 IN_CARRY seed=2 epoch=25 updates=2625 elapsed=568.2s
h=612 IN_CARRY seed=2 epoch=50 updates=2650 elapsed=576.0s
h=612 IN_CARRY seed=2 epoch=75 updates=2675 elapsed=583.6s
h=612 IN_CARRY seed=2 epoch=100 updates=2700 elapsed=591.9s
h=612 IN_RESET seed=0 epoch=25 updates=2725 elapsed=599.9s
h=612 IN_RESET seed=0 epoch=50 updates=2750 elapsed=606.9s
h=612 IN_RESET seed=0 epoch=75 updates=2775 elapsed=614.0s
h=612 IN_RESET seed=0 epoch=100 updates=2800 elapsed=621.6s
h=612 IN_RESET seed=1 epoch=25 updates=2825 elapsed=629.1s
h=612 IN_RESET seed=1 epoch=50 updates=2850 elapsed=636.8s
h=612 IN_RESET seed=1 epoch=75 updates=2875 elapsed=644.3s
h=612 IN_RESET seed=1 epoch=100 updates=2900 elapsed=651.8s
h=612 IN_RESET seed=2 epoch=25 updates=2925 elapsed=659.6s
h=612 IN_RESET seed=2 epoch=50 updates=2950 elapsed=666.9s
h=612 IN_RESET seed=2 epoch=75 updates=2975 elapsed=674.1s
h=612 IN_RESET seed=2 epoch=100 updates=3000 elapsed=681.3s
h=612 OOF_CARRY seed=0 epoch=25 updates=3025 elapsed=689.3s
h=612 OOF_CARRY seed=0 epoch=50 updates=3050 elapsed=697.1s
h=612 OOF_CARRY seed=0 epoch=75 updates=3075 elapsed=704.7s
h=612 OOF_CARRY seed=0 epoch=100 updates=3100 elapsed=712.4s
h=612 OOF_CARRY seed=1 epoch=25 updates=3125 elapsed=720.2s
h=612 OOF_CARRY seed=1 epoch=50 updates=3150 elapsed=727.9s
h=612 OOF_CARRY seed=1 epoch=75 updates=3175 elapsed=735.5s
h=612 OOF_CARRY seed=1 epoch=100 updates=3200 elapsed=743.2s
h=612 OOF_CARRY seed=2 epoch=25 updates=3225 elapsed=751.8s
h=612 OOF_CARRY seed=2 epoch=50 updates=3250 elapsed=759.5s
h=612 OOF_CARRY seed=2 epoch=75 updates=3275 elapsed=767.1s
h=612 OOF_CARRY seed=2 epoch=100 updates=3300 elapsed=774.9s
h=612 OOF_RESET seed=0 epoch=25 updates=3325 elapsed=782.1s
h=612 OOF_RESET seed=0 epoch=50 updates=3350 elapsed=788.9s
h=612 OOF_RESET seed=0 epoch=75 updates=3375 elapsed=796.3s
h=612 OOF_RESET seed=0 epoch=100 updates=3400 elapsed=803.5s
h=612 OOF_RESET seed=1 epoch=25 updates=3425 elapsed=810.9s
h=612 OOF_RESET seed=1 epoch=50 updates=3450 elapsed=817.8s
h=612 OOF_RESET seed=1 epoch=75 updates=3475 elapsed=824.8s
h=612 OOF_RESET seed=1 epoch=100 updates=3500 elapsed=831.7s
h=612 OOF_RESET seed=2 epoch=25 updates=3525 elapsed=839.3s
h=612 OOF_RESET seed=2 epoch=50 updates=3550 elapsed=846.4s
h=612 OOF_RESET seed=2 epoch=75 updates=3575 elapsed=853.4s
h=612 OOF_RESET seed=2 epoch=100 updates=3600 elapsed=860.8s
Training and scoring complete; beginning registered numerical verification
