/Users/wcqqq1214/Project/Landslide-Warning/runtime/ootang_bplus_v1_1/reference/section2d_v4/physical_model_posix.py:31: RuntimeWarning: divide by zero encountered in matmul
  tab=np.load(ROOT/'results/reservoir_force_lookup_final.npz');self.levels=tab['levels'];self.pore=tab['pore']@self.T;self.ext=tab['external']@self.T
/Users/wcqqq1214/Project/Landslide-Warning/runtime/ootang_bplus_v1_1/reference/section2d_v4/physical_model_posix.py:31: RuntimeWarning: overflow encountered in matmul
  tab=np.load(ROOT/'results/reservoir_force_lookup_final.npz');self.levels=tab['levels'];self.pore=tab['pore']@self.T;self.ext=tab['external']@self.T
/Users/wcqqq1214/Project/Landslide-Warning/runtime/ootang_bplus_v1_1/reference/section2d_v4/physical_model_posix.py:31: RuntimeWarning: invalid value encountered in matmul
  tab=np.load(ROOT/'results/reservoir_force_lookup_final.npz');self.levels=tab['levels'];self.pore=tab['pore']@self.T;self.ext=tab['external']@self.T
/Users/wcqqq1214/Project/Landslide-Warning/runtime/ootang_bplus_v1_1/reference/section2d_v4/physical_model_posix.py:63: RuntimeWarning: divide by zero encountered in matmul
  pred=u@ctx.obs.T
/Users/wcqqq1214/Project/Landslide-Warning/runtime/ootang_bplus_v1_1/reference/section2d_v4/physical_model_posix.py:63: RuntimeWarning: overflow encountered in matmul
  pred=u@ctx.obs.T
/Users/wcqqq1214/Project/Landslide-Warning/runtime/ootang_bplus_v1_1/reference/section2d_v4/physical_model_posix.py:63: RuntimeWarning: invalid value encountered in matmul
  pred=u@ctx.obs.T
612/A/stage1: calls=10000 seconds=34.1
612/A/stage1: calls=20000 seconds=70.1
612/A/stage1: calls=30000 seconds=107.5
612/A/stage1: objective=23.88163 success=False optimality=81.06
/Users/wcqqq1214/Project/Landslide-Warning/runtime/ootang_bplus_v1_1/reference/section2d_v4/physical_model_posix.py:31: RuntimeWarning: divide by zero encountered in matmul
  tab=np.load(ROOT/'results/reservoir_force_lookup_final.npz');self.levels=tab['levels'];self.pore=tab['pore']@self.T;self.ext=tab['external']@self.T
/Users/wcqqq1214/Project/Landslide-Warning/runtime/ootang_bplus_v1_1/reference/section2d_v4/physical_model_posix.py:31: RuntimeWarning: overflow encountered in matmul
  tab=np.load(ROOT/'results/reservoir_force_lookup_final.npz');self.levels=tab['levels'];self.pore=tab['pore']@self.T;self.ext=tab['external']@self.T
/Users/wcqqq1214/Project/Landslide-Warning/runtime/ootang_bplus_v1_1/reference/section2d_v4/physical_model_posix.py:31: RuntimeWarning: invalid value encountered in matmul
  tab=np.load(ROOT/'results/reservoir_force_lookup_final.npz');self.levels=tab['levels'];self.pore=tab['pore']@self.T;self.ext=tab['external']@self.T
/Users/wcqqq1214/Project/Landslide-Warning/runtime/ootang_bplus_v1_1/reference/section2d_v4/physical_model_posix.py:63: RuntimeWarning: divide by zero encountered in matmul
  pred=u@ctx.obs.T
/Users/wcqqq1214/Project/Landslide-Warning/runtime/ootang_bplus_v1_1/reference/section2d_v4/physical_model_posix.py:63: RuntimeWarning: overflow encountered in matmul
  pred=u@ctx.obs.T
/Users/wcqqq1214/Project/Landslide-Warning/runtime/ootang_bplus_v1_1/reference/section2d_v4/physical_model_posix.py:63: RuntimeWarning: invalid value encountered in matmul
  pred=u@ctx.obs.T
612/A/stage2: calls=10000 seconds=36.1
612/A/stage2: calls=20000 seconds=76.6
612/A/stage2: calls=30000 seconds=115.2
612/A/stage2: objective=23.82329 success=False optimality=5.994
/Users/wcqqq1214/Project/Landslide-Warning/runtime/ootang_bplus_v1_1/reference/section2d_v4/physical_model_posix.py:31: RuntimeWarning: divide by zero encountered in matmul
  tab=np.load(ROOT/'results/reservoir_force_lookup_final.npz');self.levels=tab['levels'];self.pore=tab['pore']@self.T;self.ext=tab['external']@self.T
/Users/wcqqq1214/Project/Landslide-Warning/runtime/ootang_bplus_v1_1/reference/section2d_v4/physical_model_posix.py:31: RuntimeWarning: overflow encountered in matmul
  tab=np.load(ROOT/'results/reservoir_force_lookup_final.npz');self.levels=tab['levels'];self.pore=tab['pore']@self.T;self.ext=tab['external']@self.T
/Users/wcqqq1214/Project/Landslide-Warning/runtime/ootang_bplus_v1_1/reference/section2d_v4/physical_model_posix.py:31: RuntimeWarning: invalid value encountered in matmul
  tab=np.load(ROOT/'results/reservoir_force_lookup_final.npz');self.levels=tab['levels'];self.pore=tab['pore']@self.T;self.ext=tab['external']@self.T
/Users/wcqqq1214/Project/Landslide-Warning/runtime/ootang_bplus_v1_1/reference/section2d_v4/physical_model_posix.py:63: RuntimeWarning: divide by zero encountered in matmul
  pred=u@ctx.obs.T
/Users/wcqqq1214/Project/Landslide-Warning/runtime/ootang_bplus_v1_1/reference/section2d_v4/physical_model_posix.py:63: RuntimeWarning: overflow encountered in matmul
  pred=u@ctx.obs.T
/Users/wcqqq1214/Project/Landslide-Warning/runtime/ootang_bplus_v1_1/reference/section2d_v4/physical_model_posix.py:63: RuntimeWarning: invalid value encountered in matmul
  pred=u@ctx.obs.T
612/A/stage3: calls=10000 seconds=40.1
612/A/stage3: calls=20000 seconds=76.9
612/A/stage3: calls=30000 seconds=110.6
612/A/stage3: objective=23.75113 success=False optimality=90.41
/Users/wcqqq1214/Project/Landslide-Warning/runtime/ootang_bplus_v1_1/reference/section2d_v4/physical_model_posix.py:31: RuntimeWarning: divide by zero encountered in matmul
  tab=np.load(ROOT/'results/reservoir_force_lookup_final.npz');self.levels=tab['levels'];self.pore=tab['pore']@self.T;self.ext=tab['external']@self.T
/Users/wcqqq1214/Project/Landslide-Warning/runtime/ootang_bplus_v1_1/reference/section2d_v4/physical_model_posix.py:31: RuntimeWarning: overflow encountered in matmul
  tab=np.load(ROOT/'results/reservoir_force_lookup_final.npz');self.levels=tab['levels'];self.pore=tab['pore']@self.T;self.ext=tab['external']@self.T
/Users/wcqqq1214/Project/Landslide-Warning/runtime/ootang_bplus_v1_1/reference/section2d_v4/physical_model_posix.py:31: RuntimeWarning: invalid value encountered in matmul
  tab=np.load(ROOT/'results/reservoir_force_lookup_final.npz');self.levels=tab['levels'];self.pore=tab['pore']@self.T;self.ext=tab['external']@self.T
/Users/wcqqq1214/Project/Landslide-Warning/runtime/ootang_bplus_v1_1/reference/section2d_v4/physical_model_posix.py:63: RuntimeWarning: divide by zero encountered in matmul
  pred=u@ctx.obs.T
/Users/wcqqq1214/Project/Landslide-Warning/runtime/ootang_bplus_v1_1/reference/section2d_v4/physical_model_posix.py:63: RuntimeWarning: overflow encountered in matmul
  pred=u@ctx.obs.T
/Users/wcqqq1214/Project/Landslide-Warning/runtime/ootang_bplus_v1_1/reference/section2d_v4/physical_model_posix.py:63: RuntimeWarning: invalid value encountered in matmul
  pred=u@ctx.obs.T
612/A/continuation: calls=10000 seconds=31.6
612/A/continuation: calls=20000 seconds=59.3
612/A/continuation: calls=30000 seconds=87.8
612/A/continuation: objective=23.64027 success=False optimality=3.994
/Users/wcqqq1214/Project/Landslide-Warning/runtime/ootang_bplus_v1_1/reference/section2d_v4/physical_model_posix.py:31: RuntimeWarning: divide by zero encountered in matmul
  tab=np.load(ROOT/'results/reservoir_force_lookup_final.npz');self.levels=tab['levels'];self.pore=tab['pore']@self.T;self.ext=tab['external']@self.T
/Users/wcqqq1214/Project/Landslide-Warning/runtime/ootang_bplus_v1_1/reference/section2d_v4/physical_model_posix.py:31: RuntimeWarning: overflow encountered in matmul
  tab=np.load(ROOT/'results/reservoir_force_lookup_final.npz');self.levels=tab['levels'];self.pore=tab['pore']@self.T;self.ext=tab['external']@self.T
/Users/wcqqq1214/Project/Landslide-Warning/runtime/ootang_bplus_v1_1/reference/section2d_v4/physical_model_posix.py:31: RuntimeWarning: invalid value encountered in matmul
  tab=np.load(ROOT/'results/reservoir_force_lookup_final.npz');self.levels=tab['levels'];self.pore=tab['pore']@self.T;self.ext=tab['external']@self.T
/Users/wcqqq1214/Project/Landslide-Warning/runtime/ootang_bplus_v1_1/reference/section2d_v4/physical_model_posix.py:63: RuntimeWarning: divide by zero encountered in matmul
  pred=u@ctx.obs.T
/Users/wcqqq1214/Project/Landslide-Warning/runtime/ootang_bplus_v1_1/reference/section2d_v4/physical_model_posix.py:63: RuntimeWarning: overflow encountered in matmul
  pred=u@ctx.obs.T
/Users/wcqqq1214/Project/Landslide-Warning/runtime/ootang_bplus_v1_1/reference/section2d_v4/physical_model_posix.py:63: RuntimeWarning: invalid value encountered in matmul
  pred=u@ctx.obs.T
612/B/stage1: calls=10000 seconds=37.1
612/B/stage1: calls=20000 seconds=60.2
612/B/stage1: calls=30000 seconds=98.5
612/B/stage1: calls=40000 seconds=151.7
612/B/stage1: objective=18.87072 success=False optimality=1.099
/Users/wcqqq1214/Project/Landslide-Warning/runtime/ootang_bplus_v1_1/reference/section2d_v4/physical_model_posix.py:31: RuntimeWarning: divide by zero encountered in matmul
  tab=np.load(ROOT/'results/reservoir_force_lookup_final.npz');self.levels=tab['levels'];self.pore=tab['pore']@self.T;self.ext=tab['external']@self.T
/Users/wcqqq1214/Project/Landslide-Warning/runtime/ootang_bplus_v1_1/reference/section2d_v4/physical_model_posix.py:31: RuntimeWarning: overflow encountered in matmul
  tab=np.load(ROOT/'results/reservoir_force_lookup_final.npz');self.levels=tab['levels'];self.pore=tab['pore']@self.T;self.ext=tab['external']@self.T
/Users/wcqqq1214/Project/Landslide-Warning/runtime/ootang_bplus_v1_1/reference/section2d_v4/physical_model_posix.py:31: RuntimeWarning: invalid value encountered in matmul
  tab=np.load(ROOT/'results/reservoir_force_lookup_final.npz');self.levels=tab['levels'];self.pore=tab['pore']@self.T;self.ext=tab['external']@self.T
/Users/wcqqq1214/Project/Landslide-Warning/runtime/ootang_bplus_v1_1/reference/section2d_v4/physical_model_posix.py:63: RuntimeWarning: divide by zero encountered in matmul
  pred=u@ctx.obs.T
/Users/wcqqq1214/Project/Landslide-Warning/runtime/ootang_bplus_v1_1/reference/section2d_v4/physical_model_posix.py:63: RuntimeWarning: overflow encountered in matmul
  pred=u@ctx.obs.T
/Users/wcqqq1214/Project/Landslide-Warning/runtime/ootang_bplus_v1_1/reference/section2d_v4/physical_model_posix.py:63: RuntimeWarning: invalid value encountered in matmul
  pred=u@ctx.obs.T
612/B/stage2: calls=10000 seconds=50.2
612/B/stage2: calls=20000 seconds=84.8
612/B/stage2: calls=30000 seconds=115.9
612/B/stage2: objective=13.65819 success=False optimality=5.804
/Users/wcqqq1214/Project/Landslide-Warning/runtime/ootang_bplus_v1_1/reference/section2d_v4/physical_model_posix.py:31: RuntimeWarning: divide by zero encountered in matmul
  tab=np.load(ROOT/'results/reservoir_force_lookup_final.npz');self.levels=tab['levels'];self.pore=tab['pore']@self.T;self.ext=tab['external']@self.T
/Users/wcqqq1214/Project/Landslide-Warning/runtime/ootang_bplus_v1_1/reference/section2d_v4/physical_model_posix.py:31: RuntimeWarning: overflow encountered in matmul
  tab=np.load(ROOT/'results/reservoir_force_lookup_final.npz');self.levels=tab['levels'];self.pore=tab['pore']@self.T;self.ext=tab['external']@self.T
/Users/wcqqq1214/Project/Landslide-Warning/runtime/ootang_bplus_v1_1/reference/section2d_v4/physical_model_posix.py:31: RuntimeWarning: invalid value encountered in matmul
  tab=np.load(ROOT/'results/reservoir_force_lookup_final.npz');self.levels=tab['levels'];self.pore=tab['pore']@self.T;self.ext=tab['external']@self.T
/Users/wcqqq1214/Project/Landslide-Warning/runtime/ootang_bplus_v1_1/reference/section2d_v4/physical_model_posix.py:63: RuntimeWarning: divide by zero encountered in matmul
  pred=u@ctx.obs.T
/Users/wcqqq1214/Project/Landslide-Warning/runtime/ootang_bplus_v1_1/reference/section2d_v4/physical_model_posix.py:63: RuntimeWarning: overflow encountered in matmul
  pred=u@ctx.obs.T
/Users/wcqqq1214/Project/Landslide-Warning/runtime/ootang_bplus_v1_1/reference/section2d_v4/physical_model_posix.py:63: RuntimeWarning: invalid value encountered in matmul
  pred=u@ctx.obs.T
612/B/stage3: calls=10000 seconds=37.0
612/B/stage3: calls=20000 seconds=78.6
612/B/stage3: calls=30000 seconds=115.2
612/B/stage3: objective=13.24749 success=False optimality=1.014
/Users/wcqqq1214/Project/Landslide-Warning/runtime/ootang_bplus_v1_1/reference/section2d_v4/physical_model_posix.py:31: RuntimeWarning: divide by zero encountered in matmul
  tab=np.load(ROOT/'results/reservoir_force_lookup_final.npz');self.levels=tab['levels'];self.pore=tab['pore']@self.T;self.ext=tab['external']@self.T
/Users/wcqqq1214/Project/Landslide-Warning/runtime/ootang_bplus_v1_1/reference/section2d_v4/physical_model_posix.py:31: RuntimeWarning: overflow encountered in matmul
  tab=np.load(ROOT/'results/reservoir_force_lookup_final.npz');self.levels=tab['levels'];self.pore=tab['pore']@self.T;self.ext=tab['external']@self.T
/Users/wcqqq1214/Project/Landslide-Warning/runtime/ootang_bplus_v1_1/reference/section2d_v4/physical_model_posix.py:31: RuntimeWarning: invalid value encountered in matmul
  tab=np.load(ROOT/'results/reservoir_force_lookup_final.npz');self.levels=tab['levels'];self.pore=tab['pore']@self.T;self.ext=tab['external']@self.T
/Users/wcqqq1214/Project/Landslide-Warning/runtime/ootang_bplus_v1_1/reference/section2d_v4/physical_model_posix.py:63: RuntimeWarning: divide by zero encountered in matmul
  pred=u@ctx.obs.T
/Users/wcqqq1214/Project/Landslide-Warning/runtime/ootang_bplus_v1_1/reference/section2d_v4/physical_model_posix.py:63: RuntimeWarning: overflow encountered in matmul
  pred=u@ctx.obs.T
/Users/wcqqq1214/Project/Landslide-Warning/runtime/ootang_bplus_v1_1/reference/section2d_v4/physical_model_posix.py:63: RuntimeWarning: invalid value encountered in matmul
  pred=u@ctx.obs.T
612/B/continuation: calls=10000 seconds=23.3
612/B/continuation: calls=20000 seconds=48.7
612/B/continuation: calls=30000 seconds=71.7
612/B/continuation: objective=13.11152 success=False optimality=47.07
/Users/wcqqq1214/Project/Landslide-Warning/runtime/ootang_bplus_v1_1/reference/section2d_v4/physical_model_posix.py:31: RuntimeWarning: divide by zero encountered in matmul
  tab=np.load(ROOT/'results/reservoir_force_lookup_final.npz');self.levels=tab['levels'];self.pore=tab['pore']@self.T;self.ext=tab['external']@self.T
/Users/wcqqq1214/Project/Landslide-Warning/runtime/ootang_bplus_v1_1/reference/section2d_v4/physical_model_posix.py:31: RuntimeWarning: overflow encountered in matmul
  tab=np.load(ROOT/'results/reservoir_force_lookup_final.npz');self.levels=tab['levels'];self.pore=tab['pore']@self.T;self.ext=tab['external']@self.T
/Users/wcqqq1214/Project/Landslide-Warning/runtime/ootang_bplus_v1_1/reference/section2d_v4/physical_model_posix.py:31: RuntimeWarning: invalid value encountered in matmul
  tab=np.load(ROOT/'results/reservoir_force_lookup_final.npz');self.levels=tab['levels'];self.pore=tab['pore']@self.T;self.ext=tab['external']@self.T
/Users/wcqqq1214/Project/Landslide-Warning/runtime/ootang_bplus_v1_1/reference/section2d_v4/physical_model_posix.py:63: RuntimeWarning: divide by zero encountered in matmul
  pred=u@ctx.obs.T
/Users/wcqqq1214/Project/Landslide-Warning/runtime/ootang_bplus_v1_1/reference/section2d_v4/physical_model_posix.py:63: RuntimeWarning: overflow encountered in matmul
  pred=u@ctx.obs.T
/Users/wcqqq1214/Project/Landslide-Warning/runtime/ootang_bplus_v1_1/reference/section2d_v4/physical_model_posix.py:63: RuntimeWarning: invalid value encountered in matmul
  pred=u@ctx.obs.T
/Users/wcqqq1214/Project/Landslide-Warning/code/physics_guided_diagnostics/run.py:98: RuntimeWarning: divide by zero encountered in matmul
  mapped = (custom[:, :4] + custom[:, 20:24]) @ mechanics.ctx.obs.T + drivers.y0
/Users/wcqqq1214/Project/Landslide-Warning/code/physics_guided_diagnostics/run.py:98: RuntimeWarning: overflow encountered in matmul
  mapped = (custom[:, :4] + custom[:, 20:24]) @ mechanics.ctx.obs.T + drivers.y0
/Users/wcqqq1214/Project/Landslide-Warning/code/physics_guided_diagnostics/run.py:98: RuntimeWarning: invalid value encountered in matmul
  mapped = (custom[:, :4] + custom[:, 20:24]) @ mechanics.ctx.obs.T + drivers.y0
/Users/wcqqq1214/Project/Landslide-Warning/runtime/ootang_bplus_v1_1/reference/section2d_v4/physical_model_posix.py:31: RuntimeWarning: divide by zero encountered in matmul
  tab=np.load(ROOT/'results/reservoir_force_lookup_final.npz');self.levels=tab['levels'];self.pore=tab['pore']@self.T;self.ext=tab['external']@self.T
/Users/wcqqq1214/Project/Landslide-Warning/runtime/ootang_bplus_v1_1/reference/section2d_v4/physical_model_posix.py:31: RuntimeWarning: overflow encountered in matmul
  tab=np.load(ROOT/'results/reservoir_force_lookup_final.npz');self.levels=tab['levels'];self.pore=tab['pore']@self.T;self.ext=tab['external']@self.T
/Users/wcqqq1214/Project/Landslide-Warning/runtime/ootang_bplus_v1_1/reference/section2d_v4/physical_model_posix.py:31: RuntimeWarning: invalid value encountered in matmul
  tab=np.load(ROOT/'results/reservoir_force_lookup_final.npz');self.levels=tab['levels'];self.pore=tab['pore']@self.T;self.ext=tab['external']@self.T
/Users/wcqqq1214/Project/Landslide-Warning/runtime/ootang_bplus_v1_1/reference/section2d_v4/physical_model_posix.py:63: RuntimeWarning: divide by zero encountered in matmul
  pred=u@ctx.obs.T
/Users/wcqqq1214/Project/Landslide-Warning/runtime/ootang_bplus_v1_1/reference/section2d_v4/physical_model_posix.py:63: RuntimeWarning: overflow encountered in matmul
  pred=u@ctx.obs.T
/Users/wcqqq1214/Project/Landslide-Warning/runtime/ootang_bplus_v1_1/reference/section2d_v4/physical_model_posix.py:63: RuntimeWarning: invalid value encountered in matmul
  pred=u@ctx.obs.T
/Users/wcqqq1214/Project/Landslide-Warning/code/physics_guided_diagnostics/core.py:222: RuntimeWarning: divide by zero encountered in matmul
  background = state["background"] @ obs.T
/Users/wcqqq1214/Project/Landslide-Warning/code/physics_guided_diagnostics/core.py:222: RuntimeWarning: overflow encountered in matmul
  background = state["background"] @ obs.T
/Users/wcqqq1214/Project/Landslide-Warning/code/physics_guided_diagnostics/core.py:222: RuntimeWarning: invalid value encountered in matmul
  background = state["background"] @ obs.T
/Users/wcqqq1214/Project/Landslide-Warning/code/physics_guided_diagnostics/core.py:223: RuntimeWarning: divide by zero encountered in matmul
  other = (state["coordinates"] - state["background"]) @ obs.T
/Users/wcqqq1214/Project/Landslide-Warning/code/physics_guided_diagnostics/core.py:223: RuntimeWarning: overflow encountered in matmul
  other = (state["coordinates"] - state["background"]) @ obs.T
/Users/wcqqq1214/Project/Landslide-Warning/code/physics_guided_diagnostics/core.py:223: RuntimeWarning: invalid value encountered in matmul
  other = (state["coordinates"] - state["background"]) @ obs.T
/Users/wcqqq1214/Project/Landslide-Warning/runtime/ootang_bplus_v1_1/reference/section2d_v4/physical_model_posix.py:31: RuntimeWarning: divide by zero encountered in matmul
  tab=np.load(ROOT/'results/reservoir_force_lookup_final.npz');self.levels=tab['levels'];self.pore=tab['pore']@self.T;self.ext=tab['external']@self.T
/Users/wcqqq1214/Project/Landslide-Warning/runtime/ootang_bplus_v1_1/reference/section2d_v4/physical_model_posix.py:31: RuntimeWarning: overflow encountered in matmul
  tab=np.load(ROOT/'results/reservoir_force_lookup_final.npz');self.levels=tab['levels'];self.pore=tab['pore']@self.T;self.ext=tab['external']@self.T
/Users/wcqqq1214/Project/Landslide-Warning/runtime/ootang_bplus_v1_1/reference/section2d_v4/physical_model_posix.py:31: RuntimeWarning: invalid value encountered in matmul
  tab=np.load(ROOT/'results/reservoir_force_lookup_final.npz');self.levels=tab['levels'];self.pore=tab['pore']@self.T;self.ext=tab['external']@self.T
/Users/wcqqq1214/Project/Landslide-Warning/runtime/ootang_bplus_v1_1/reference/section2d_v4/physical_model_posix.py:63: RuntimeWarning: divide by zero encountered in matmul
  pred=u@ctx.obs.T
/Users/wcqqq1214/Project/Landslide-Warning/runtime/ootang_bplus_v1_1/reference/section2d_v4/physical_model_posix.py:63: RuntimeWarning: overflow encountered in matmul
  pred=u@ctx.obs.T
/Users/wcqqq1214/Project/Landslide-Warning/runtime/ootang_bplus_v1_1/reference/section2d_v4/physical_model_posix.py:63: RuntimeWarning: invalid value encountered in matmul
  pred=u@ctx.obs.T
/Users/wcqqq1214/Project/Landslide-Warning/code/physics_guided_diagnostics/run.py:98: RuntimeWarning: divide by zero encountered in matmul
  mapped = (custom[:, :4] + custom[:, 20:24]) @ mechanics.ctx.obs.T + drivers.y0
/Users/wcqqq1214/Project/Landslide-Warning/code/physics_guided_diagnostics/run.py:98: RuntimeWarning: overflow encountered in matmul
  mapped = (custom[:, :4] + custom[:, 20:24]) @ mechanics.ctx.obs.T + drivers.y0
/Users/wcqqq1214/Project/Landslide-Warning/code/physics_guided_diagnostics/run.py:98: RuntimeWarning: invalid value encountered in matmul
  mapped = (custom[:, :4] + custom[:, 20:24]) @ mechanics.ctx.obs.T + drivers.y0
/Users/wcqqq1214/Project/Landslide-Warning/runtime/ootang_bplus_v1_1/reference/section2d_v4/physical_model_posix.py:31: RuntimeWarning: divide by zero encountered in matmul
  tab=np.load(ROOT/'results/reservoir_force_lookup_final.npz');self.levels=tab['levels'];self.pore=tab['pore']@self.T;self.ext=tab['external']@self.T
/Users/wcqqq1214/Project/Landslide-Warning/runtime/ootang_bplus_v1_1/reference/section2d_v4/physical_model_posix.py:31: RuntimeWarning: overflow encountered in matmul
  tab=np.load(ROOT/'results/reservoir_force_lookup_final.npz');self.levels=tab['levels'];self.pore=tab['pore']@self.T;self.ext=tab['external']@self.T
/Users/wcqqq1214/Project/Landslide-Warning/runtime/ootang_bplus_v1_1/reference/section2d_v4/physical_model_posix.py:31: RuntimeWarning: invalid value encountered in matmul
  tab=np.load(ROOT/'results/reservoir_force_lookup_final.npz');self.levels=tab['levels'];self.pore=tab['pore']@self.T;self.ext=tab['external']@self.T
/Users/wcqqq1214/Project/Landslide-Warning/runtime/ootang_bplus_v1_1/reference/section2d_v4/physical_model_posix.py:63: RuntimeWarning: divide by zero encountered in matmul
  pred=u@ctx.obs.T
/Users/wcqqq1214/Project/Landslide-Warning/runtime/ootang_bplus_v1_1/reference/section2d_v4/physical_model_posix.py:63: RuntimeWarning: overflow encountered in matmul
  pred=u@ctx.obs.T
/Users/wcqqq1214/Project/Landslide-Warning/runtime/ootang_bplus_v1_1/reference/section2d_v4/physical_model_posix.py:63: RuntimeWarning: invalid value encountered in matmul
  pred=u@ctx.obs.T
/Users/wcqqq1214/Project/Landslide-Warning/code/physics_guided_diagnostics/core.py:222: RuntimeWarning: divide by zero encountered in matmul
  background = state["background"] @ obs.T
/Users/wcqqq1214/Project/Landslide-Warning/code/physics_guided_diagnostics/core.py:222: RuntimeWarning: overflow encountered in matmul
  background = state["background"] @ obs.T
/Users/wcqqq1214/Project/Landslide-Warning/code/physics_guided_diagnostics/core.py:222: RuntimeWarning: invalid value encountered in matmul
  background = state["background"] @ obs.T
/Users/wcqqq1214/Project/Landslide-Warning/code/physics_guided_diagnostics/core.py:223: RuntimeWarning: divide by zero encountered in matmul
  other = (state["coordinates"] - state["background"]) @ obs.T
/Users/wcqqq1214/Project/Landslide-Warning/code/physics_guided_diagnostics/core.py:223: RuntimeWarning: overflow encountered in matmul
  other = (state["coordinates"] - state["background"]) @ obs.T
/Users/wcqqq1214/Project/Landslide-Warning/code/physics_guided_diagnostics/core.py:223: RuntimeWarning: invalid value encountered in matmul
  other = (state["coordinates"] - state["background"]) @ obs.T
/Users/wcqqq1214/Project/Landslide-Warning/runtime/ootang_bplus_v1_1/reference/section2d_v4/physical_model_posix.py:31: RuntimeWarning: divide by zero encountered in matmul
  tab=np.load(ROOT/'results/reservoir_force_lookup_final.npz');self.levels=tab['levels'];self.pore=tab['pore']@self.T;self.ext=tab['external']@self.T
/Users/wcqqq1214/Project/Landslide-Warning/runtime/ootang_bplus_v1_1/reference/section2d_v4/physical_model_posix.py:31: RuntimeWarning: overflow encountered in matmul
  tab=np.load(ROOT/'results/reservoir_force_lookup_final.npz');self.levels=tab['levels'];self.pore=tab['pore']@self.T;self.ext=tab['external']@self.T
/Users/wcqqq1214/Project/Landslide-Warning/runtime/ootang_bplus_v1_1/reference/section2d_v4/physical_model_posix.py:31: RuntimeWarning: invalid value encountered in matmul
  tab=np.load(ROOT/'results/reservoir_force_lookup_final.npz');self.levels=tab['levels'];self.pore=tab['pore']@self.T;self.ext=tab['external']@self.T
/Users/wcqqq1214/Project/Landslide-Warning/runtime/ootang_bplus_v1_1/reference/section2d_v4/physical_model_posix.py:63: RuntimeWarning: divide by zero encountered in matmul
  pred=u@ctx.obs.T
/Users/wcqqq1214/Project/Landslide-Warning/runtime/ootang_bplus_v1_1/reference/section2d_v4/physical_model_posix.py:63: RuntimeWarning: overflow encountered in matmul
  pred=u@ctx.obs.T
/Users/wcqqq1214/Project/Landslide-Warning/runtime/ootang_bplus_v1_1/reference/section2d_v4/physical_model_posix.py:63: RuntimeWarning: invalid value encountered in matmul
  pred=u@ctx.obs.T
/Users/wcqqq1214/Project/Landslide-Warning/code/physics_guided_diagnostics/run.py:98: RuntimeWarning: divide by zero encountered in matmul
  mapped = (custom[:, :4] + custom[:, 20:24]) @ mechanics.ctx.obs.T + drivers.y0
/Users/wcqqq1214/Project/Landslide-Warning/code/physics_guided_diagnostics/run.py:98: RuntimeWarning: overflow encountered in matmul
  mapped = (custom[:, :4] + custom[:, 20:24]) @ mechanics.ctx.obs.T + drivers.y0
/Users/wcqqq1214/Project/Landslide-Warning/code/physics_guided_diagnostics/run.py:98: RuntimeWarning: invalid value encountered in matmul
  mapped = (custom[:, :4] + custom[:, 20:24]) @ mechanics.ctx.obs.T + drivers.y0
/Users/wcqqq1214/Project/Landslide-Warning/runtime/ootang_bplus_v1_1/reference/section2d_v4/physical_model_posix.py:31: RuntimeWarning: divide by zero encountered in matmul
  tab=np.load(ROOT/'results/reservoir_force_lookup_final.npz');self.levels=tab['levels'];self.pore=tab['pore']@self.T;self.ext=tab['external']@self.T
/Users/wcqqq1214/Project/Landslide-Warning/runtime/ootang_bplus_v1_1/reference/section2d_v4/physical_model_posix.py:31: RuntimeWarning: overflow encountered in matmul
  tab=np.load(ROOT/'results/reservoir_force_lookup_final.npz');self.levels=tab['levels'];self.pore=tab['pore']@self.T;self.ext=tab['external']@self.T
/Users/wcqqq1214/Project/Landslide-Warning/runtime/ootang_bplus_v1_1/reference/section2d_v4/physical_model_posix.py:31: RuntimeWarning: invalid value encountered in matmul
  tab=np.load(ROOT/'results/reservoir_force_lookup_final.npz');self.levels=tab['levels'];self.pore=tab['pore']@self.T;self.ext=tab['external']@self.T
/Users/wcqqq1214/Project/Landslide-Warning/runtime/ootang_bplus_v1_1/reference/section2d_v4/physical_model_posix.py:63: RuntimeWarning: divide by zero encountered in matmul
  pred=u@ctx.obs.T
/Users/wcqqq1214/Project/Landslide-Warning/runtime/ootang_bplus_v1_1/reference/section2d_v4/physical_model_posix.py:63: RuntimeWarning: overflow encountered in matmul
  pred=u@ctx.obs.T
/Users/wcqqq1214/Project/Landslide-Warning/runtime/ootang_bplus_v1_1/reference/section2d_v4/physical_model_posix.py:63: RuntimeWarning: invalid value encountered in matmul
  pred=u@ctx.obs.T
/Users/wcqqq1214/Project/Landslide-Warning/code/physics_guided_diagnostics/core.py:222: RuntimeWarning: divide by zero encountered in matmul
  background = state["background"] @ obs.T
/Users/wcqqq1214/Project/Landslide-Warning/code/physics_guided_diagnostics/core.py:222: RuntimeWarning: overflow encountered in matmul
  background = state["background"] @ obs.T
/Users/wcqqq1214/Project/Landslide-Warning/code/physics_guided_diagnostics/core.py:222: RuntimeWarning: invalid value encountered in matmul
  background = state["background"] @ obs.T
/Users/wcqqq1214/Project/Landslide-Warning/code/physics_guided_diagnostics/core.py:223: RuntimeWarning: divide by zero encountered in matmul
  other = (state["coordinates"] - state["background"]) @ obs.T
/Users/wcqqq1214/Project/Landslide-Warning/code/physics_guided_diagnostics/core.py:223: RuntimeWarning: overflow encountered in matmul
  other = (state["coordinates"] - state["background"]) @ obs.T
/Users/wcqqq1214/Project/Landslide-Warning/code/physics_guided_diagnostics/core.py:223: RuntimeWarning: invalid value encountered in matmul
  other = (state["coordinates"] - state["background"]) @ obs.T
/Users/wcqqq1214/Project/Landslide-Warning/runtime/ootang_bplus_v1_1/reference/section2d_v4/physical_model_posix.py:31: RuntimeWarning: divide by zero encountered in matmul
  tab=np.load(ROOT/'results/reservoir_force_lookup_final.npz');self.levels=tab['levels'];self.pore=tab['pore']@self.T;self.ext=tab['external']@self.T
/Users/wcqqq1214/Project/Landslide-Warning/runtime/ootang_bplus_v1_1/reference/section2d_v4/physical_model_posix.py:31: RuntimeWarning: overflow encountered in matmul
  tab=np.load(ROOT/'results/reservoir_force_lookup_final.npz');self.levels=tab['levels'];self.pore=tab['pore']@self.T;self.ext=tab['external']@self.T
/Users/wcqqq1214/Project/Landslide-Warning/runtime/ootang_bplus_v1_1/reference/section2d_v4/physical_model_posix.py:31: RuntimeWarning: invalid value encountered in matmul
  tab=np.load(ROOT/'results/reservoir_force_lookup_final.npz');self.levels=tab['levels'];self.pore=tab['pore']@self.T;self.ext=tab['external']@self.T
/Users/wcqqq1214/Project/Landslide-Warning/runtime/ootang_bplus_v1_1/reference/section2d_v4/physical_model_posix.py:63: RuntimeWarning: divide by zero encountered in matmul
  pred=u@ctx.obs.T
/Users/wcqqq1214/Project/Landslide-Warning/runtime/ootang_bplus_v1_1/reference/section2d_v4/physical_model_posix.py:63: RuntimeWarning: overflow encountered in matmul
  pred=u@ctx.obs.T
/Users/wcqqq1214/Project/Landslide-Warning/runtime/ootang_bplus_v1_1/reference/section2d_v4/physical_model_posix.py:63: RuntimeWarning: invalid value encountered in matmul
  pred=u@ctx.obs.T
/Users/wcqqq1214/Project/Landslide-Warning/code/physics_guided_diagnostics/run.py:98: RuntimeWarning: divide by zero encountered in matmul
  mapped = (custom[:, :4] + custom[:, 20:24]) @ mechanics.ctx.obs.T + drivers.y0
/Users/wcqqq1214/Project/Landslide-Warning/code/physics_guided_diagnostics/run.py:98: RuntimeWarning: overflow encountered in matmul
  mapped = (custom[:, :4] + custom[:, 20:24]) @ mechanics.ctx.obs.T + drivers.y0
/Users/wcqqq1214/Project/Landslide-Warning/code/physics_guided_diagnostics/run.py:98: RuntimeWarning: invalid value encountered in matmul
  mapped = (custom[:, :4] + custom[:, 20:24]) @ mechanics.ctx.obs.T + drivers.y0
/Users/wcqqq1214/Project/Landslide-Warning/runtime/ootang_bplus_v1_1/reference/section2d_v4/physical_model_posix.py:31: RuntimeWarning: divide by zero encountered in matmul
  tab=np.load(ROOT/'results/reservoir_force_lookup_final.npz');self.levels=tab['levels'];self.pore=tab['pore']@self.T;self.ext=tab['external']@self.T
/Users/wcqqq1214/Project/Landslide-Warning/runtime/ootang_bplus_v1_1/reference/section2d_v4/physical_model_posix.py:31: RuntimeWarning: overflow encountered in matmul
  tab=np.load(ROOT/'results/reservoir_force_lookup_final.npz');self.levels=tab['levels'];self.pore=tab['pore']@self.T;self.ext=tab['external']@self.T
/Users/wcqqq1214/Project/Landslide-Warning/runtime/ootang_bplus_v1_1/reference/section2d_v4/physical_model_posix.py:31: RuntimeWarning: invalid value encountered in matmul
  tab=np.load(ROOT/'results/reservoir_force_lookup_final.npz');self.levels=tab['levels'];self.pore=tab['pore']@self.T;self.ext=tab['external']@self.T
/Users/wcqqq1214/Project/Landslide-Warning/runtime/ootang_bplus_v1_1/reference/section2d_v4/physical_model_posix.py:63: RuntimeWarning: divide by zero encountered in matmul
  pred=u@ctx.obs.T
/Users/wcqqq1214/Project/Landslide-Warning/runtime/ootang_bplus_v1_1/reference/section2d_v4/physical_model_posix.py:63: RuntimeWarning: overflow encountered in matmul
  pred=u@ctx.obs.T
/Users/wcqqq1214/Project/Landslide-Warning/runtime/ootang_bplus_v1_1/reference/section2d_v4/physical_model_posix.py:63: RuntimeWarning: invalid value encountered in matmul
  pred=u@ctx.obs.T
/Users/wcqqq1214/Project/Landslide-Warning/code/physics_guided_diagnostics/core.py:222: RuntimeWarning: divide by zero encountered in matmul
  background = state["background"] @ obs.T
/Users/wcqqq1214/Project/Landslide-Warning/code/physics_guided_diagnostics/core.py:222: RuntimeWarning: overflow encountered in matmul
  background = state["background"] @ obs.T
/Users/wcqqq1214/Project/Landslide-Warning/code/physics_guided_diagnostics/core.py:222: RuntimeWarning: invalid value encountered in matmul
  background = state["background"] @ obs.T
/Users/wcqqq1214/Project/Landslide-Warning/code/physics_guided_diagnostics/core.py:223: RuntimeWarning: divide by zero encountered in matmul
  other = (state["coordinates"] - state["background"]) @ obs.T
/Users/wcqqq1214/Project/Landslide-Warning/code/physics_guided_diagnostics/core.py:223: RuntimeWarning: overflow encountered in matmul
  other = (state["coordinates"] - state["background"]) @ obs.T
/Users/wcqqq1214/Project/Landslide-Warning/code/physics_guided_diagnostics/core.py:223: RuntimeWarning: invalid value encountered in matmul
  other = (state["coordinates"] - state["background"]) @ obs.T
